loaded BAAI/bge-base-en-v1.5@a5beb1e3e68b9ab74eb54cfd186867f64f240e1a on cuda; hidden=768
cache hit queries_fa161ce62cf9cfbe6b1c.npy
cache hit C0_945d36d6c872f1e4c808.npy
Perm-FT-cons0.1_s42 C0 ranks done
native 32/42994 11s
native 1024/42994 17s
native 2048/42994 24s
native 3072/42994 33s
native 4096/42994 43s
native 5120/42994 54s
native 6144/42994 66s
native 7168/42994 79s
native 8192/42994 92s
native 9216/42994 106s
native 10240/42994 121s
native 11264/42994 137s
native 12288/42994 153s
native 13312/42994 171s
native 14336/42994 189s
native 15360/42994 207s
native 16384/42994 226s
native 17408/42994 245s
native 18432/42994 265s
native 19456/42994 284s
native 20480/42994 303s
native 21504/42994 322s
native 22528/42994 341s
native 23552/42994 361s
native 24576/42994 380s
native 25600/42994 399s
native 26624/42994 419s
native 27648/42994 439s
native 28672/42994 459s
native 29696/42994 478s
native 30720/42994 498s
native 31744/42994 518s
native 32768/42994 540s
native 33792/42994 559s
native 34816/42994 579s
native 35840/42994 599s
native 36864/42994 618s
native 37888/42994 638s
native 38912/42994 658s
native 39936/42994 678s
native 40960/42994 698s
native 41984/42994 717s
Perm-FT-cons0.1_s42 C1 ranks done
native 32/42994 12s
native 1024/42994 18s
native 2048/42994 26s
native 3072/42994 35s
native 4096/42994 46s
native 5120/42994 57s
native 6144/42994 69s
native 7168/42994 82s
native 8192/42994 96s
native 9216/42994 111s
native 10240/42994 126s
native 11264/42994 143s
native 12288/42994 160s
native 13312/42994 178s
native 14336/42994 196s
native 15360/42994 215s
native 16384/42994 235s
native 17408/42994 255s
native 18432/42994 275s
native 19456/42994 295s
native 20480/42994 316s
native 21504/42994 336s
native 22528/42994 356s
native 23552/42994 375s
native 24576/42994 396s
native 25600/42994 415s
native 26624/42994 435s
native 27648/42994 455s
native 28672/42994 475s
native 29696/42994 494s
native 30720/42994 515s
native 31744/42994 535s
native 32768/42994 555s
native 33792/42994 575s
native 34816/42994 595s
native 35840/42994 615s
native 36864/42994 635s
native 37888/42994 655s
native 38912/42994 675s
native 39936/42994 695s
native 40960/42994 715s
native 41984/42994 735s
Perm-FT-cons0.1_s42 C2s1 ranks done
native 32/42994 18s
native 1024/42994 24s
native 2048/42994 32s
native 3072/42994 41s
native 4096/42994 52s
native 5120/42994 64s
native 6144/42994 77s
native 7168/42994 90s
native 8192/42994 105s
native 9216/42994 120s
native 10240/42994 136s
native 11264/42994 153s
native 12288/42994 170s
native 13312/42994 188s
native 14336/42994 207s
native 15360/42994 227s
native 16384/42994 248s
native 17408/42994 269s
native 18432/42994 290s
native 19456/42994 311s
native 20480/42994 335s
native 21504/42994 359s
native 22528/42994 382s
native 23552/42994 404s
native 24576/42994 426s
native 25600/42994 448s
native 26624/42994 470s
native 27648/42994 495s
native 28672/42994 519s
native 29696/42994 541s
native 30720/42994 565s
native 31744/42994 585s
native 32768/42994 606s
native 33792/42994 628s
native 34816/42994 649s
native 35840/42994 671s
native 36864/42994 691s
native 37888/42994 715s
native 38912/42994 736s
native 39936/42994 757s
native 40960/42994 779s
native 41984/42994 800s
Perm-FT-cons0.1_s42 C2s2 ranks done
native 32/42994 19s
native 1024/42994 24s
native 2048/42994 32s
native 3072/42994 42s
native 4096/42994 52s
native 5120/42994 64s
native 6144/42994 77s
native 7168/42994 90s
native 8192/42994 105s
native 9216/42994 120s
native 10240/42994 137s
native 11264/42994 155s
native 12288/42994 175s
native 13312/42994 195s
native 14336/42994 217s
native 15360/42994 240s
native 16384/42994 260s
native 17408/42994 283s
native 18432/42994 306s
native 19456/42994 327s
native 20480/42994 348s
native 21504/42994 370s
native 22528/42994 392s
native 23552/42994 412s
native 24576/42994 434s
native 25600/42994 456s
native 26624/42994 476s
native 27648/42994 497s
native 28672/42994 519s
native 29696/42994 540s
native 30720/42994 561s
native 31744/42994 582s
native 32768/42994 604s
native 33792/42994 624s
native 34816/42994 646s
native 35840/42994 666s
native 36864/42994 689s
native 37888/42994 709s
native 38912/42994 731s
native 39936/42994 752s
native 40960/42994 773s
native 41984/42994 795s
Perm-FT-cons0.1_s42 C2s3 ranks done
native 32/42994 16s
native 1024/42994 22s
native 2048/42994 30s
native 3072/42994 41s
native 4096/42994 52s
native 5120/42994 64s
native 6144/42994 78s
native 7168/42994 93s
native 8192/42994 107s
native 9216/42994 124s
native 10240/42994 140s
native 11264/42994 156s
native 12288/42994 176s
native 13312/42994 196s
native 14336/42994 214s
native 15360/42994 235s
native 16384/42994 257s
native 17408/42994 277s
native 18432/42994 298s
native 19456/42994 319s
native 20480/42994 340s
native 21504/42994 360s
native 22528/42994 382s
native 23552/42994 403s
native 24576/42994 424s
native 25600/42994 446s
native 26624/42994 468s
native 27648/42994 490s
native 28672/42994 512s
native 29696/42994 534s
native 30720/42994 556s
native 31744/42994 579s
native 32768/42994 601s
native 33792/42994 623s
native 34816/42994 646s
native 35840/42994 669s
native 36864/42994 692s
native 37888/42994 714s
native 38912/42994 738s
native 39936/42994 759s
native 40960/42994 781s
native 41984/42994 802s
