Perm-FT_s42 train 0 273 loss 1.4236360788345337
Perm-FT_s42 train 20 273 loss 0.08179477602243423
Perm-FT_s42 train 40 273 loss 0.5838030576705933
Perm-FT_s42 train 60 273 loss 0.23670580983161926
Perm-FT_s42 train 80 273 loss 0.03584548085927963
Perm-FT_s42 train 100 273 loss 0.01575608178973198
Perm-FT_s42 train 120 273 loss 0.11402587592601776
Perm-FT_s42 train 140 273 loss 0.13398125767707825
Perm-FT_s42 train 160 273 loss 0.056174952536821365
Perm-FT_s42 train 180 273 loss 0.02238849550485611
Perm-FT_s42 train 200 273 loss 0.02031731978058815
Perm-FT_s42 train 220 273 loss 0.007383131422102451
Perm-FT_s42 train 240 273 loss 0.006902527995407581
Perm-FT_s42 train 260 273 loss 0.021735988557338715
loaded BAAI/bge-base-en-v1.5@a5beb1e3e68b9ab74eb54cfd186867f64f240e1a on cuda; hidden=768
native 32/480 0s
native 32/42994 16s
native 1024/42994 22s
native 2048/42994 31s
native 3072/42994 41s
native 4096/42994 53s
native 5120/42994 65s
native 6144/42994 79s
native 7168/42994 93s
native 8192/42994 109s
native 9216/42994 125s
native 10240/42994 142s
native 11264/42994 160s
native 12288/42994 179s
native 13312/42994 198s
native 14336/42994 219s
native 15360/42994 240s
native 16384/42994 261s
native 17408/42994 283s
native 18432/42994 305s
native 19456/42994 327s
native 20480/42994 348s
native 21504/42994 371s
native 22528/42994 393s
native 23552/42994 415s
native 24576/42994 437s
native 25600/42994 459s
native 26624/42994 481s
native 27648/42994 503s
native 28672/42994 525s
native 29696/42994 547s
native 30720/42994 569s
native 31744/42994 592s
native 32768/42994 614s
native 33792/42994 636s
native 34816/42994 658s
native 35840/42994 680s
native 36864/42994 702s
native 37888/42994 724s
native 38912/42994 746s
native 39936/42994 768s
native 40960/42994 790s
native 41984/42994 812s
Perm-FT_s42 C0 ranks done
native 32/42994 17s
native 1024/42994 24s
native 2048/42994 32s
native 3072/42994 43s
native 4096/42994 54s
native 5120/42994 67s
native 6144/42994 81s
native 7168/42994 95s
native 8192/42994 111s
native 9216/42994 127s
native 10240/42994 144s
native 11264/42994 162s
native 12288/42994 180s
native 13312/42994 200s
native 14336/42994 221s
native 15360/42994 243s
native 16384/42994 268s
native 17408/42994 294s
native 18432/42994 321s
native 19456/42994 347s
native 20480/42994 374s
native 21504/42994 401s
native 22528/42994 426s
native 23552/42994 453s
native 24576/42994 481s
native 25600/42994 508s
native 26624/42994 536s
native 27648/42994 563s
native 28672/42994 591s
native 29696/42994 619s
native 30720/42994 646s
native 31744/42994 672s
native 32768/42994 698s
native 33792/42994 725s
native 34816/42994 753s
native 35840/42994 781s
native 36864/42994 809s
native 37888/42994 836s
native 38912/42994 864s
native 39936/42994 892s
native 40960/42994 919s
native 41984/42994 946s
Perm-FT_s42 C1 ranks done
native 32/42994 26s
native 1024/42994 33s
native 2048/42994 42s
native 3072/42994 53s
native 4096/42994 65s
native 5120/42994 79s
native 6144/42994 94s
native 7168/42994 110s
native 8192/42994 126s
native 9216/42994 144s
native 10240/42994 163s
native 11264/42994 182s
native 12288/42994 203s
native 13312/42994 224s
native 14336/42994 246s
native 15360/42994 269s
native 16384/42994 293s
native 17408/42994 321s
native 18432/42994 350s
native 19456/42994 379s
native 20480/42994 407s
native 21504/42994 435s
native 22528/42994 462s
native 23552/42994 489s
native 24576/42994 515s
native 25600/42994 540s
native 26624/42994 564s
native 27648/42994 587s
native 28672/42994 610s
native 29696/42994 632s
native 30720/42994 655s
native 31744/42994 677s
native 32768/42994 700s
native 33792/42994 723s
native 34816/42994 746s
native 35840/42994 768s
native 36864/42994 792s
native 37888/42994 815s
native 38912/42994 838s
native 39936/42994 861s
native 40960/42994 885s
native 41984/42994 909s
Perm-FT_s42 C2s1 ranks done
native 32/42994 35s
native 1024/42994 41s
native 2048/42994 50s
native 3072/42994 61s
native 4096/42994 73s
native 5120/42994 86s
native 6144/42994 101s
native 7168/42994 118s
native 8192/42994 134s
native 9216/42994 153s
native 10240/42994 171s
native 11264/42994 192s
native 12288/42994 213s
native 13312/42994 236s
native 14336/42994 259s
native 15360/42994 283s
native 16384/42994 309s
native 17408/42994 337s
native 18432/42994 366s
native 19456/42994 394s
native 20480/42994 423s
native 21504/42994 450s
native 22528/42994 478s
native 23552/42994 506s
native 24576/42994 534s
native 25600/42994 563s
native 26624/42994 591s
native 27648/42994 619s
native 28672/42994 647s
native 29696/42994 674s
native 30720/42994 702s
native 31744/42994 731s
native 32768/42994 759s
native 33792/42994 786s
native 34816/42994 814s
native 35840/42994 842s
native 36864/42994 869s
native 37888/42994 897s
native 38912/42994 927s
native 39936/42994 954s
native 40960/42994 983s
native 41984/42994 1011s
Perm-FT_s42 C2s2 ranks done
native 32/42994 25s
native 1024/42994 32s
native 2048/42994 41s
native 3072/42994 52s
native 4096/42994 64s
native 5120/42994 78s
native 6144/42994 92s
native 7168/42994 108s
native 8192/42994 125s
native 9216/42994 142s
native 10240/42994 161s
native 11264/42994 180s
native 12288/42994 200s
native 13312/42994 222s
native 14336/42994 244s
native 15360/42994 267s
native 16384/42994 291s
native 17408/42994 317s
native 18432/42994 342s
native 19456/42994 369s
native 20480/42994 395s
native 21504/42994 421s
native 22528/42994 446s
native 23552/42994 472s
native 24576/42994 498s
native 25600/42994 524s
native 26624/42994 550s
native 27648/42994 577s
native 28672/42994 604s
native 29696/42994 630s
native 30720/42994 657s
native 31744/42994 684s
native 32768/42994 711s
native 33792/42994 738s
native 34816/42994 763s
native 35840/42994 789s
native 36864/42994 814s
native 37888/42994 839s
native 38912/42994 864s
native 39936/42994 891s
native 40960/42994 916s
native 41984/42994 941s
Perm-FT_s42 C2s3 ranks done
native 32/42994 25s
native 1024/42994 32s
native 2048/42994 41s
native 3072/42994 51s
native 4096/42994 64s
native 5120/42994 77s
native 6144/42994 91s
native 7168/42994 107s
native 8192/42994 123s
native 9216/42994 141s
native 10240/42994 160s
native 11264/42994 179s
native 12288/42994 199s
native 13312/42994 219s
native 14336/42994 242s
native 15360/42994 265s
native 16384/42994 288s
native 17408/42994 312s
native 18432/42994 336s
native 19456/42994 361s
native 20480/42994 387s
native 21504/42994 411s
native 22528/42994 436s
native 23552/42994 463s
native 24576/42994 488s
native 25600/42994 514s
native 26624/42994 539s
native 27648/42994 564s
native 28672/42994 588s
native 29696/42994 613s
native 30720/42994 639s
native 31744/42994 666s
native 32768/42994 691s
native 33792/42994 718s
native 34816/42994 743s
native 35840/42994 770s
native 36864/42994 797s
native 37888/42994 821s
native 38912/42994 845s
native 39936/42994 867s
native 40960/42994 889s
native 41984/42994 912s
Perm-FT_s42 C2s4 ranks done
native 32/42994 24s
native 1024/42994 30s
native 2048/42994 40s
native 3072/42994 51s
native 4096/42994 63s
native 5120/42994 76s
native 6144/42994 90s
native 7168/42994 105s
native 8192/42994 122s
native 9216/42994 139s
native 10240/42994 157s
native 11264/42994 176s
native 12288/42994 195s
native 13312/42994 215s
native 14336/42994 237s
native 15360/42994 269s
native 16384/42994 3867s
native 17408/42994 5159s
native 18432/42994 5176s
native 19456/42994 5182s
native 20480/42994 5189s
native 21504/42994 5195s
native 22528/42994 5203s
native 23552/42994 5210s
native 24576/42994 5216s
native 25600/42994 5223s
native 26624/42994 5229s
native 27648/42994 5236s
native 28672/42994 5242s
native 29696/42994 5249s
native 30720/42994 5255s
native 31744/42994 5261s
native 32768/42994 5267s
native 33792/42994 5274s
native 34816/42994 5280s
native 35840/42994 5286s
native 36864/42994 5292s
native 37888/42994 5299s
native 38912/42994 5305s
native 39936/42994 5311s
native 40960/42994 5317s
native 41984/42994 5324s
Perm-FT_s42 C2s5 ranks done
Perm-FT-cons0.05_s42 train 0 273 loss 1.4275410175323486
Perm-FT-cons0.05_s42 train 20 273 loss 0.07881389558315277
Perm-FT-cons0.05_s42 train 40 273 loss 0.41562384366989136
Perm-FT-cons0.05_s42 train 60 273 loss 0.14739260077476501
Perm-FT-cons0.05_s42 train 80 273 loss 0.051581114530563354
Perm-FT-cons0.05_s42 train 100 273 loss 0.0202801451086998
Perm-FT-cons0.05_s42 train 120 273 loss 0.06233268603682518
Perm-FT-cons0.05_s42 train 140 273 loss 0.18425381183624268
Perm-FT-cons0.05_s42 train 160 273 loss 0.06215710937976837
Perm-FT-cons0.05_s42 train 180 273 loss 0.02728606015443802
Perm-FT-cons0.05_s42 train 200 273 loss 0.022490033879876137
Perm-FT-cons0.05_s42 train 220 273 loss 0.02385050803422928
Perm-FT-cons0.05_s42 train 240 273 loss 0.015473095700144768
Perm-FT-cons0.05_s42 train 260 273 loss 0.04442545399069786
loaded BAAI/bge-base-en-v1.5@a5beb1e3e68b9ab74eb54cfd186867f64f240e1a on cuda; hidden=768
native 32/480 0s
native 32/42994 18s
native 1024/42994 20s
native 2048/42994 22s
native 3072/42994 25s
native 4096/42994 28s
native 5120/42994 32s
native 6144/42994 36s
native 7168/42994 40s
native 8192/42994 45s
native 9216/42994 49s
native 10240/42994 54s
native 11264/42994 59s
native 12288/42994 65s
native 13312/42994 70s
native 14336/42994 76s
native 15360/42994 82s
native 16384/42994 89s
native 17408/42994 95s
native 18432/42994 101s
native 19456/42994 108s
native 20480/42994 114s
native 21504/42994 120s
native 22528/42994 127s
native 23552/42994 133s
native 24576/42994 139s
native 25600/42994 146s
native 26624/42994 152s
native 27648/42994 158s
native 28672/42994 164s
native 29696/42994 171s
native 30720/42994 177s
native 31744/42994 184s
native 32768/42994 190s
native 33792/42994 196s
native 34816/42994 203s
native 35840/42994 209s
native 36864/42994 215s
native 37888/42994 222s
native 38912/42994 228s
native 39936/42994 234s
native 40960/42994 241s
native 41984/42994 247s
Perm-FT-cons0.05_s42 C0 ranks done
native 32/42994 19s
native 1024/42994 21s
native 2048/42994 23s
native 3072/42994 26s
native 4096/42994 29s
native 5120/42994 33s
native 6144/42994 37s
native 7168/42994 41s
native 8192/42994 45s
native 9216/42994 50s
native 10240/42994 54s
native 11264/42994 60s
native 12288/42994 65s
native 13312/42994 71s
native 14336/42994 77s
native 15360/42994 83s
native 16384/42994 89s
native 17408/42994 96s
native 18432/42994 103s
native 19456/42994 109s
native 20480/42994 116s
native 21504/42994 122s
native 22528/42994 129s
native 23552/42994 135s
native 24576/42994 141s
native 25600/42994 148s
native 26624/42994 154s
native 27648/42994 161s
native 28672/42994 167s
native 29696/42994 173s
native 30720/42994 180s
native 31744/42994 186s
native 32768/42994 193s
native 33792/42994 199s
native 34816/42994 206s
native 35840/42994 212s
native 36864/42994 219s
native 37888/42994 225s
native 38912/42994 231s
native 39936/42994 238s
native 40960/42994 244s
native 41984/42994 251s
Perm-FT-cons0.05_s42 C1 ranks done
native 32/42994 18s
native 1024/42994 20s
native 2048/42994 23s
native 3072/42994 26s
native 4096/42994 29s
native 5120/42994 32s
native 6144/42994 36s
native 7168/42994 41s
native 8192/42994 45s
native 9216/42994 49s
native 10240/42994 55s
native 11264/42994 60s
native 12288/42994 65s
native 13312/42994 71s
native 14336/42994 77s
native 15360/42994 82s
native 16384/42994 88s
native 17408/42994 95s
native 18432/42994 101s
native 19456/42994 108s
native 20480/42994 114s
native 21504/42994 121s
native 22528/42994 127s
native 23552/42994 134s
native 24576/42994 140s
native 25600/42994 146s
native 26624/42994 153s
native 27648/42994 159s
native 28672/42994 166s
native 29696/42994 172s
native 30720/42994 178s
native 31744/42994 185s
native 32768/42994 192s
native 33792/42994 198s
native 34816/42994 205s
native 35840/42994 211s
native 36864/42994 218s
native 37888/42994 225s
native 38912/42994 232s
native 39936/42994 238s
native 40960/42994 244s
native 41984/42994 251s
Perm-FT-cons0.05_s42 C2s1 ranks done
native 32/42994 16s
native 1024/42994 18s
native 2048/42994 21s
native 3072/42994 23s
native 4096/42994 27s
native 5120/42994 30s
native 6144/42994 34s
native 7168/42994 38s
native 8192/42994 43s
native 9216/42994 47s
native 10240/42994 52s
native 11264/42994 58s
native 12288/42994 63s
native 13312/42994 68s
native 14336/42994 75s
native 15360/42994 81s
native 16384/42994 87s
native 17408/42994 94s
native 18432/42994 101s
native 19456/42994 107s
native 20480/42994 114s
native 21504/42994 121s
native 22528/42994 127s
native 23552/42994 134s
native 24576/42994 140s
native 25600/42994 147s
native 26624/42994 153s
native 27648/42994 160s
native 28672/42994 169s
native 29696/42994 176s
native 30720/42994 183s
native 31744/42994 189s
