loaded BAAI/bge-base-en-v1.5@a5beb1e3e68b9ab74eb54cfd186867f64f240e1a on cuda; hidden=768
native 32/480 1s
native 32/42994 12s
native 1024/42994 18s
native 2048/42994 26s
native 3072/42994 35s
native 4096/42994 46s
native 5120/42994 57s
native 6144/42994 70s
native 7168/42994 83s
native 8192/42994 98s
native 9216/42994 113s
native 10240/42994 129s
native 11264/42994 145s
native 12288/42994 162s
native 13312/42994 181s
native 14336/42994 201s
native 15360/42994 221s
native 16384/42994 242s
native 17408/42994 264s
native 18432/42994 285s
native 19456/42994 308s
native 20480/42994 329s
native 21504/42994 350s
native 22528/42994 370s
native 23552/42994 393s
native 24576/42994 414s
native 25600/42994 434s
native 26624/42994 457s
native 27648/42994 479s
native 28672/42994 500s
native 29696/42994 522s
native 30720/42994 544s
native 31744/42994 565s
native 32768/42994 586s
native 33792/42994 607s
native 34816/42994 629s
native 35840/42994 651s
native 36864/42994 671s
native 37888/42994 693s
native 38912/42994 714s
native 39936/42994 735s
native 40960/42994 757s
native 41984/42994 780s
Adapted-PI-FT C0 ranks done
native 32/42994 14s
native 1024/42994 20s
native 2048/42994 29s
native 3072/42994 39s
native 4096/42994 51s
native 5120/42994 64s
native 6144/42994 77s
native 7168/42994 93s
native 8192/42994 107s
native 9216/42994 124s
native 10240/42994 135s
native 11264/42994 140s
native 12288/42994 147s
native 13312/42994 152s
native 14336/42994 159s
native 15360/42994 166s
native 16384/42994 174s
native 17408/42994 182s
native 18432/42994 191s
native 19456/42994 199s
native 20480/42994 207s
native 21504/42994 215s
native 22528/42994 223s
native 23552/42994 231s
native 24576/42994 239s
native 25600/42994 247s
native 26624/42994 256s
native 27648/42994 264s
native 28672/42994 272s
native 29696/42994 280s
native 30720/42994 288s
native 31744/42994 296s
native 32768/42994 304s
native 33792/42994 312s
native 34816/42994 320s
native 35840/42994 328s
native 36864/42994 336s
native 37888/42994 344s
native 38912/42994 353s
native 39936/42994 361s
native 40960/42994 369s
native 41984/42994 377s
Adapted-PI-FT C1 ranks done
native 32/42994 23s
native 1024/42994 25s
native 2048/42994 27s
native 3072/42994 31s
native 4096/42994 35s
native 5120/42994 40s
native 6144/42994 45s
native 7168/42994 50s
native 8192/42994 56s
native 9216/42994 61s
native 10240/42994 67s
native 11264/42994 74s
native 12288/42994 81s
native 13312/42994 88s
native 14336/42994 95s
native 15360/42994 103s
native 16384/42994 111s
native 17408/42994 120s
native 18432/42994 128s
native 19456/42994 136s
native 20480/42994 145s
native 21504/42994 153s
native 22528/42994 161s
native 23552/42994 170s
native 24576/42994 178s
native 25600/42994 187s
native 26624/42994 195s
native 27648/42994 203s
native 28672/42994 212s
native 29696/42994 220s
native 30720/42994 229s
native 31744/42994 237s
native 32768/42994 245s
native 33792/42994 253s
native 34816/42994 262s
native 35840/42994 271s
native 36864/42994 279s
native 37888/42994 287s
native 38912/42994 295s
native 39936/42994 304s
native 40960/42994 312s
native 41984/42994 320s
Adapted-PI-FT C2s1 ranks done
native 32/42994 23s
native 1024/42994 25s
native 2048/42994 27s
native 3072/42994 31s
native 4096/42994 35s
native 5120/42994 39s
native 6144/42994 44s
native 7168/42994 49s
native 8192/42994 55s
native 9216/42994 60s
native 10240/42994 67s
native 11264/42994 73s
native 12288/42994 80s
native 13312/42994 87s
native 14336/42994 95s
native 15360/42994 102s
native 16384/42994 110s
native 17408/42994 119s
native 18432/42994 127s
native 19456/42994 136s
native 20480/42994 145s
native 21504/42994 153s
native 22528/42994 161s
native 23552/42994 170s
native 24576/42994 179s
native 25600/42994 187s
native 26624/42994 195s
native 27648/42994 204s
native 28672/42994 224s
native 29696/42994 249s
native 30720/42994 273s
native 31744/42994 299s
native 32768/42994 320s
native 33792/42994 341s
native 34816/42994 362s
native 35840/42994 382s
native 36864/42994 403s
native 37888/42994 424s
native 38912/42994 444s
native 39936/42994 466s
native 40960/42994 487s
native 41984/42994 509s
Adapted-PI-FT C2s2 ranks done
native 32/42994 21s
native 1024/42994 28s
native 2048/42994 36s
native 3072/42994 48s
native 4096/42994 61s
native 5120/42994 75s
native 6144/42994 89s
native 7168/42994 104s
native 8192/42994 120s
native 9216/42994 137s
native 10240/42994 155s
native 11264/42994 173s
native 12288/42994 193s
native 13312/42994 212s
native 14336/42994 234s
native 15360/42994 256s
native 16384/42994 278s
native 17408/42994 300s
native 18432/42994 323s
native 19456/42994 346s
native 20480/42994 367s
native 21504/42994 392s
native 22528/42994 416s
native 23552/42994 439s
native 24576/42994 461s
native 25600/42994 485s
native 26624/42994 505s
native 27648/42994 527s
native 28672/42994 550s
native 29696/42994 570s
native 30720/42994 595s
native 31744/42994 616s
native 32768/42994 638s
native 33792/42994 660s
native 34816/42994 681s
native 35840/42994 703s
native 36864/42994 724s
native 37888/42994 746s
native 38912/42994 767s
native 39936/42994 787s
native 40960/42994 809s
native 41984/42994 832s
Adapted-PI-FT C2s3 ranks done
native 32/42994 25s
native 1024/42994 31s
native 2048/42994 40s
native 3072/42994 50s
native 4096/42994 61s
native 5120/42994 74s
native 6144/42994 88s
native 7168/42994 103s
native 8192/42994 119s
native 9216/42994 135s
native 10240/42994 152s
native 11264/42994 170s
native 12288/42994 189s
native 13312/42994 210s
native 14336/42994 232s
native 15360/42994 255s
native 16384/42994 279s
native 17408/42994 303s
native 18432/42994 329s
native 19456/42994 353s
native 20480/42994 377s
native 21504/42994 402s
native 22528/42994 426s
native 23552/42994 450s
native 24576/42994 474s
native 25600/42994 500s
native 26624/42994 522s
native 27648/42994 545s
native 28672/42994 566s
native 29696/42994 589s
native 30720/42994 612s
native 31744/42994 635s
native 32768/42994 657s
native 33792/42994 680s
native 34816/42994 701s
native 35840/42994 725s
native 36864/42994 746s
native 37888/42994 769s
native 38912/42994 791s
native 39936/42994 814s
native 40960/42994 835s
native 41984/42994 856s
Adapted-PI-FT C2s4 ranks done
native 32/42994 21s
native 1024/42994 26s
native 2048/42994 35s
native 3072/42994 46s
native 4096/42994 57s
native 5120/42994 69s
native 6144/42994 83s
native 7168/42994 97s
native 8192/42994 114s
native 9216/42994 131s
native 10240/42994 148s
native 11264/42994 167s
native 12288/42994 185s
native 13312/42994 205s
native 14336/42994 226s
native 15360/42994 246s
native 16384/42994 267s
native 17408/42994 290s
native 18432/42994 313s
native 19456/42994 334s
native 20480/42994 356s
native 21504/42994 379s
native 22528/42994 402s
native 23552/42994 424s
native 24576/42994 448s
native 25600/42994 471s
native 26624/42994 493s
native 27648/42994 514s
native 28672/42994 536s
native 29696/42994 558s
native 30720/42994 580s
native 31744/42994 601s
native 32768/42994 624s
native 33792/42994 647s
native 34816/42994 668s
native 35840/42994 690s
native 36864/42994 712s
native 37888/42994 734s
native 38912/42994 756s
native 39936/42994 779s
native 40960/42994 802s
native 41984/42994 824s
Adapted-PI-FT C2s5 ranks done
loaded BAAI/bge-base-en-v1.5@a5beb1e3e68b9ab74eb54cfd186867f64f240e1a on cuda; hidden=768
native 32/480 0s
native 32/42994 18s
native 1024/42994 24s
native 2048/42994 33s
native 3072/42994 43s
native 4096/42994 55s
native 5120/42994 68s
native 6144/42994 83s
native 7168/42994 98s
native 8192/42994 114s
native 9216/42994 131s
native 10240/42994 148s
native 11264/42994 167s
native 12288/42994 186s
native 13312/42994 206s
native 14336/42994 227s
native 15360/42994 248s
native 16384/42994 270s
native 17408/42994 293s
native 18432/42994 316s
native 19456/42994 338s
native 20480/42994 361s
native 21504/42994 383s
native 22528/42994 406s
native 23552/42994 428s
native 24576/42994 450s
native 25600/42994 472s
native 26624/42994 495s
native 27648/42994 518s
native 28672/42994 542s
native 29696/42994 566s
native 30720/42994 588s
native 31744/42994 611s
native 32768/42994 632s
native 33792/42994 654s
native 34816/42994 677s
native 35840/42994 698s
native 36864/42994 719s
native 37888/42994 743s
native 38912/42994 764s
native 39936/42994 786s
native 40960/42994 808s
native 41984/42994 830s
Labeled-ZeroShot C0 ranks done
native 32/42994 22s
native 1024/42994 28s
native 2048/42994 37s
native 3072/42994 47s
native 4096/42994 60s
native 5120/42994 73s
native 6144/42994 88s
native 7168/42994 104s
native 8192/42994 118s
native 9216/42994 135s
native 10240/42994 152s
native 11264/42994 171s
native 12288/42994 191s
native 13312/42994 205s
native 14336/42994 211s
native 15360/42994 219s
native 16384/42994 227s
native 17408/42994 235s
native 18432/42994 244s
native 19456/42994 252s
native 20480/42994 260s
native 21504/42994 269s
native 22528/42994 277s
native 23552/42994 285s
native 24576/42994 294s
native 25600/42994 302s
native 26624/42994 311s
native 27648/42994 319s
native 28672/42994 328s
native 29696/42994 337s
native 30720/42994 345s
native 31744/42994 354s
native 32768/42994 362s
native 33792/42994 371s
native 34816/42994 380s
native 35840/42994 390s
native 36864/42994 399s
native 37888/42994 408s
native 38912/42994 418s
native 39936/42994 428s
native 40960/42994 438s
native 41984/42994 447s
Labeled-ZeroShot C1 ranks done
native 32/42994 19s
native 1024/42994 21s
native 2048/42994 25s
native 3072/42994 29s
native 4096/42994 34s
native 5120/42994 39s
native 6144/42994 45s
native 7168/42994 50s
native 8192/42994 56s
native 9216/42994 63s
native 10240/42994 69s
native 11264/42994 77s
native 12288/42994 85s
native 13312/42994 92s
native 14336/42994 100s
native 15360/42994 108s
native 16384/42994 117s
native 17408/42994 126s
native 18432/42994 134s
native 19456/42994 142s
native 20480/42994 151s
native 21504/42994 160s
native 22528/42994 168s
native 23552/42994 177s
native 24576/42994 185s
native 25600/42994 194s
native 26624/42994 202s
native 27648/42994 211s
native 28672/42994 219s
native 29696/42994 227s
native 30720/42994 236s
native 31744/42994 245s
native 32768/42994 253s
native 33792/42994 261s
native 34816/42994 270s
native 35840/42994 278s
native 36864/42994 287s
native 37888/42994 296s
native 38912/42994 304s
native 39936/42994 312s
native 40960/42994 320s
native 41984/42994 329s
Labeled-ZeroShot C2s1 ranks done
native 32/42994 24s
native 1024/42994 26s
native 2048/42994 29s
native 3072/42994 33s
native 4096/42994 37s
native 5120/42994 42s
native 6144/42994 46s
native 7168/42994 52s
native 8192/42994 58s
native 9216/42994 64s
native 10240/42994 70s
native 11264/42994 76s
native 12288/42994 83s
native 13312/42994 90s
native 14336/42994 98s
native 15360/42994 106s
native 16384/42994 114s
native 17408/42994 123s
native 18432/42994 131s
native 19456/42994 140s
native 20480/42994 149s
native 21504/42994 157s
native 22528/42994 166s
native 23552/42994 175s
native 24576/42994 184s
native 25600/42994 192s
native 26624/42994 201s
native 27648/42994 210s
native 28672/42994 218s
native 29696/42994 227s
native 30720/42994 236s
native 31744/42994 245s
native 32768/42994 253s
native 33792/42994 262s
native 34816/42994 271s
native 35840/42994 280s
native 36864/42994 288s
native 37888/42994 297s
native 38912/42994 306s
native 39936/42994 315s
native 40960/42994 324s
native 41984/42994 333s
Labeled-ZeroShot C2s2 ranks done
native 32/42994 29s
native 1024/42994 32s
native 2048/42994 35s
native 3072/42994 38s
native 4096/42994 43s
native 5120/42994 47s
native 6144/42994 53s
native 7168/42994 58s
native 8192/42994 64s
native 9216/42994 70s
native 10240/42994 76s
native 11264/42994 83s
native 12288/42994 90s
native 13312/42994 97s
native 14336/42994 105s
native 15360/42994 113s
native 16384/42994 122s
native 17408/42994 131s
native 18432/42994 140s
native 19456/42994 150s
native 20480/42994 159s
native 21504/42994 168s
native 22528/42994 177s
native 23552/42994 187s
native 24576/42994 196s
native 25600/42994 206s
native 26624/42994 214s
native 27648/42994 224s
native 28672/42994 233s
native 29696/42994 242s
native 30720/42994 251s
native 31744/42994 261s
native 32768/42994 270s
native 33792/42994 279s
native 34816/42994 288s
native 35840/42994 297s
native 36864/42994 307s
native 37888/42994 316s
native 38912/42994 325s
native 39936/42994 334s
native 40960/42994 343s
native 41984/42994 352s
Labeled-ZeroShot C2s3 ranks done
native 32/42994 29s
native 1024/42994 31s
native 2048/42994 34s
native 3072/42994 37s
native 4096/42994 42s
native 5120/42994 46s
native 6144/42994 52s
native 7168/42994 57s
native 8192/42994 63s
native 9216/42994 69s
native 10240/42994 76s
native 11264/42994 82s
native 12288/42994 90s
native 13312/42994 97s
native 14336/42994 105s
native 15360/42994 113s
native 16384/42994 122s
native 17408/42994 131s
native 18432/42994 140s
native 19456/42994 149s
native 20480/42994 158s
native 21504/42994 167s
native 22528/42994 176s
native 23552/42994 185s
native 24576/42994 195s
native 25600/42994 204s
native 26624/42994 212s
native 27648/42994 222s
native 28672/42994 230s
native 29696/42994 240s
native 30720/42994 249s
native 31744/42994 258s
native 32768/42994 267s
native 33792/42994 276s
native 34816/42994 285s
native 35840/42994 294s
native 36864/42994 303s
native 37888/42994 312s
native 38912/42994 321s
native 39936/42994 330s
native 40960/42994 339s
native 41984/42994 349s
Labeled-ZeroShot C2s4 ranks done
native 32/42994 40s
native 1024/42994 42s
native 2048/42994 46s
native 3072/42994 50s
native 4096/42994 54s
native 5120/42994 60s
native 6144/42994 65s
native 7168/42994 71s
native 8192/42994 77s
native 9216/42994 84s
native 10240/42994 91s
native 11264/42994 99s
native 12288/42994 107s
native 13312/42994 115s
native 14336/42994 123s
native 15360/42994 131s
native 16384/42994 141s
native 17408/42994 150s
native 18432/42994 160s
native 19456/42994 170s
native 20480/42994 179s
native 21504/42994 188s
native 22528/42994 198s
native 23552/42994 208s
native 24576/42994 217s
native 25600/42994 227s
native 26624/42994 236s
native 27648/42994 246s
native 28672/42994 256s
native 29696/42994 265s
native 30720/42994 275s
native 31744/42994 284s
native 32768/42994 293s
native 33792/42994 303s
native 34816/42994 313s
native 35840/42994 323s
native 36864/42994 332s
native 37888/42994 342s
native 38912/42994 351s
native 39936/42994 360s
native 40960/42994 370s
native 41984/42994 380s
Labeled-ZeroShot C2s5 ranks done
