loaded BAAI/bge-base-en-v1.5@a5beb1e3e68b9ab74eb54cfd186867f64f240e1a on cuda; hidden=768
cache hit queries_bb8c08174ea2163f5db6.npy
cache hit C0_d5e143b6e55b9af5d3fc.npy
Perm-FT-cons0.05_s42 C0 ranks done
cache hit C1_c9696ecf89289fc40082.npy
Perm-FT-cons0.05_s42 C1 ranks done
cache hit C2s1_e5f1754151748ba0f8fa.npy
Perm-FT-cons0.05_s42 C2s1 ranks done
native 32/42994 9s
native 1024/42994 11s
native 2048/42994 13s
native 3072/42994 16s
native 4096/42994 18s
native 5120/42994 21s
native 6144/42994 25s
native 7168/42994 28s
native 8192/42994 32s
native 9216/42994 36s
native 10240/42994 40s
native 11264/42994 45s
native 12288/42994 49s
native 13312/42994 54s
native 14336/42994 60s
native 15360/42994 65s
native 16384/42994 71s
native 17408/42994 76s
native 18432/42994 82s
native 19456/42994 87s
native 20480/42994 93s
native 21504/42994 99s
native 22528/42994 104s
native 23552/42994 110s
native 24576/42994 115s
native 25600/42994 121s
native 26624/42994 127s
native 27648/42994 133s
native 28672/42994 138s
native 29696/42994 144s
native 30720/42994 150s
native 31744/42994 155s
native 32768/42994 161s
native 33792/42994 167s
native 34816/42994 172s
native 35840/42994 178s
native 36864/42994 183s
native 37888/42994 189s
native 38912/42994 194s
native 39936/42994 200s
native 40960/42994 205s
native 41984/42994 211s
Perm-FT-cons0.05_s42 C2s2 ranks done
native 32/42994 7s
native 1024/42994 9s
native 2048/42994 11s
native 3072/42994 14s
native 4096/42994 16s
native 5120/42994 20s
native 6144/42994 23s
native 7168/42994 27s
native 8192/42994 31s
native 9216/42994 35s
native 10240/42994 39s
native 11264/42994 44s
native 12288/42994 49s
native 13312/42994 54s
native 14336/42994 59s
native 15360/42994 65s
native 16384/42994 71s
native 17408/42994 76s
native 18432/42994 82s
native 19456/42994 87s
native 20480/42994 93s
native 21504/42994 99s
native 22528/42994 104s
native 23552/42994 110s
native 24576/42994 115s
native 25600/42994 121s
native 26624/42994 127s
native 27648/42994 133s
native 28672/42994 138s
native 29696/42994 144s
native 30720/42994 149s
native 31744/42994 155s
native 32768/42994 161s
native 33792/42994 166s
native 34816/42994 172s
native 35840/42994 178s
native 36864/42994 183s
native 37888/42994 189s
native 38912/42994 194s
native 39936/42994 200s
native 40960/42994 206s
native 41984/42994 211s
Perm-FT-cons0.05_s42 C2s3 ranks done
native 32/42994 8s
native 1024/42994 9s
native 2048/42994 12s
native 3072/42994 14s
native 4096/42994 17s
native 5120/42994 20s
native 6144/42994 24s
native 7168/42994 28s
native 8192/42994 32s
native 9216/42994 36s
native 10240/42994 40s
native 11264/42994 45s
native 12288/42994 50s
native 13312/42994 54s
native 14336/42994 60s
native 15360/42994 66s
native 16384/42994 71s
native 17408/42994 77s
native 18432/42994 83s
native 19456/42994 88s
native 20480/42994 94s
native 21504/42994 99s
native 22528/42994 105s
native 23552/42994 110s
native 24576/42994 116s
native 25600/42994 122s
native 26624/42994 127s
native 27648/42994 133s
native 28672/42994 138s
native 29696/42994 144s
native 30720/42994 150s
native 31744/42994 155s
native 32768/42994 161s
native 33792/42994 167s
native 34816/42994 172s
native 35840/42994 178s
native 36864/42994 185s
native 37888/42994 191s
native 38912/42994 197s
native 39936/42994 203s
native 40960/42994 213s
native 41984/42994 235s
Perm-FT-cons0.05_s42 C2s4 ranks done
native 32/42994 14s
native 1024/42994 20s
native 2048/42994 28s
native 3072/42994 37s
native 4096/42994 42s
native 5120/42994 45s
native 6144/42994 48s
native 7168/42994 52s
native 8192/42994 56s
native 9216/42994 60s
native 10240/42994 64s
native 11264/42994 69s
native 12288/42994 73s
native 13312/42994 78s
native 14336/42994 83s
native 15360/42994 89s
native 16384/42994 94s
native 17408/42994 100s
native 18432/42994 106s
native 19456/42994 111s
native 20480/42994 117s
native 21504/42994 122s
native 22528/42994 128s
native 23552/42994 134s
native 24576/42994 140s
native 25600/42994 146s
native 26624/42994 151s
native 27648/42994 157s
native 28672/42994 163s
native 29696/42994 169s
native 30720/42994 175s
native 31744/42994 180s
native 32768/42994 186s
native 33792/42994 192s
native 34816/42994 198s
native 35840/42994 204s
native 36864/42994 209s
native 37888/42994 215s
native 38912/42994 221s
native 39936/42994 227s
native 40960/42994 246s
native 41984/42994 265s
Perm-FT-cons0.05_s42 C2s5 ranks done
Perm-FT-cons0.1_s42 train 0 273 loss 1.4314459562301636
Perm-FT-cons0.1_s42 train 20 273 loss 0.08392751961946487
Perm-FT-cons0.1_s42 train 40 273 loss 0.41929498314857483
Perm-FT-cons0.1_s42 train 60 273 loss 0.1525728553533554
Perm-FT-cons0.1_s42 train 80 273 loss 0.056691139936447144
Perm-FT-cons0.1_s42 train 100 273 loss 0.024657946079969406
Perm-FT-cons0.1_s42 train 120 273 loss 0.06715165823698044
Perm-FT-cons0.1_s42 train 140 273 loss 0.19194157421588898
Perm-FT-cons0.1_s42 train 160 273 loss 0.06800483167171478
Perm-FT-cons0.1_s42 train 180 273 loss 0.03306453675031662
Perm-FT-cons0.1_s42 train 200 273 loss 0.02814479172229767
Perm-FT-cons0.1_s42 train 220 273 loss 0.028656620532274246
Perm-FT-cons0.1_s42 train 240 273 loss 0.021188834682106972
Perm-FT-cons0.1_s42 train 260 273 loss 0.049560997635126114
loaded BAAI/bge-base-en-v1.5@a5beb1e3e68b9ab74eb54cfd186867f64f240e1a on cuda; hidden=768
native 32/480 0s
native 32/42994 14s
native 1024/42994 20s
native 2048/42994 27s
native 3072/42994 37s
native 4096/42994 47s
native 5120/42994 59s
native 6144/42994 72s
native 7168/42994 88s
native 8192/42994 104s
native 9216/42994 123s
native 10240/42994 140s
native 11264/42994 159s
native 12288/42994 176s
native 13312/42994 194s
native 14336/42994 213s
native 15360/42994 232s
native 16384/42994 252s
native 17408/42994 272s
native 18432/42994 292s
native 19456/42994 312s
native 20480/42994 332s
native 21504/42994 351s
native 22528/42994 371s
native 23552/42994 391s
native 24576/42994 411s
native 25600/42994 431s
native 26624/42994 450s
native 27648/42994 470s
native 28672/42994 490s
native 29696/42994 510s
native 30720/42994 529s
native 31744/42994 549s
native 32768/42994 569s
native 33792/42994 589s
native 34816/42994 608s
native 35840/42994 628s
native 36864/42994 648s
native 37888/42994 667s
native 38912/42994 687s
native 39936/42994 707s
native 40960/42994 722s
native 41984/42994 728s
Perm-FT-cons0.1_s42 C0 ranks done
native 32/42994 14s
native 1024/42994 16s
