Standard-FT 0 0 3.733154296875
Standard-FT 0 1 3.728515625
Standard-FT 0 2 3.16351318359375
Standard-FT 0 3 1.34812331199646
Standard-FT 1 4 2.0346145629882812
Standard-FT 1 5 1.8619155883789062
Standard-FT 1 6 1.57373046875
Standard-FT 1 7 0.697982132434845
Standard-FT 2 8 1.0477371215820312
Standard-FT 2 9 1.0673637390136719
Standard-FT 2 10 0.8177623748779297
Standard-FT 2 11 0.29488739371299744
Standard-FT 3 12 0.6772069931030273
Standard-FT 3 13 0.6507349014282227
Standard-FT 3 14 0.5352115631103516
Standard-FT 3 15 0.08611927926540375
Standard-FT 4 16 0.46761465072631836
Standard-FT 4 17 0.440701961517334
Standard-FT 4 18 0.4953913688659668
Standard-FT 4 19 0.4483310878276825
loaded BAAI/bge-base-en-v1.5@a5beb1e3e68b9ab74eb54cfd186867f64f240e1a on cuda; hidden=768
native 32/480 0s
native 32/42994 16s
native 1024/42994 22s
native 2048/42994 30s
native 3072/42994 41s
native 4096/42994 52s
native 5120/42994 64s
native 6144/42994 78s
native 7168/42994 92s
native 8192/42994 107s
native 9216/42994 123s
native 10240/42994 140s
native 11264/42994 158s
native 12288/42994 176s
native 13312/42994 195s
native 14336/42994 215s
native 15360/42994 235s
native 16384/42994 256s
native 17408/42994 277s
native 18432/42994 297s
native 19456/42994 319s
native 20480/42994 340s
native 21504/42994 360s
native 22528/42994 382s
native 23552/42994 405s
native 24576/42994 427s
native 25600/42994 448s
native 26624/42994 470s
native 27648/42994 491s
native 28672/42994 512s
native 29696/42994 533s
native 30720/42994 555s
native 31744/42994 576s
native 32768/42994 597s
native 33792/42994 619s
native 34816/42994 641s
native 35840/42994 661s
native 36864/42994 682s
native 37888/42994 704s
native 38912/42994 725s
native 39936/42994 746s
native 40960/42994 768s
native 41984/42994 788s
Standard-FT C0 ranks done
native 32/42994 15s
native 1024/42994 21s
native 2048/42994 29s
native 3072/42994 39s
native 4096/42994 51s
native 5120/42994 63s
native 6144/42994 77s
native 7168/42994 91s
native 8192/42994 106s
native 9216/42994 123s
native 10240/42994 139s
native 11264/42994 157s
native 12288/42994 176s
native 13312/42994 196s
native 14336/42994 216s
native 15360/42994 238s
native 16384/42994 258s
native 17408/42994 280s
native 18432/42994 303s
native 19456/42994 324s
native 20480/42994 345s
native 21504/42994 367s
native 22528/42994 390s
native 23552/42994 411s
native 24576/42994 433s
native 25600/42994 455s
native 26624/42994 477s
native 27648/42994 498s
native 28672/42994 520s
native 29696/42994 541s
native 30720/42994 561s
native 31744/42994 583s
native 32768/42994 605s
native 33792/42994 625s
native 34816/42994 646s
native 35840/42994 668s
native 36864/42994 690s
native 37888/42994 711s
native 38912/42994 733s
native 39936/42994 754s
native 40960/42994 776s
native 41984/42994 797s
Standard-FT C1 ranks done
native 32/42994 17s
native 1024/42994 23s
native 2048/42994 31s
native 3072/42994 42s
native 4096/42994 53s
native 5120/42994 66s
native 6144/42994 80s
native 7168/42994 94s
native 8192/42994 110s
native 9216/42994 126s
native 10240/42994 143s
native 11264/42994 161s
native 12288/42994 179s
native 13312/42994 199s
native 14336/42994 219s
native 15360/42994 239s
native 16384/42994 261s
native 17408/42994 284s
native 18432/42994 305s
native 19456/42994 326s
native 20480/42994 348s
native 21504/42994 369s
native 22528/42994 390s
native 23552/42994 412s
native 24576/42994 434s
native 25600/42994 455s
native 26624/42994 475s
native 27648/42994 497s
native 28672/42994 518s
native 29696/42994 541s
native 30720/42994 555s
native 31744/42994 562s
native 32768/42994 569s
native 33792/42994 576s
native 34816/42994 584s
native 35840/42994 592s
native 36864/42994 599s
native 37888/42994 607s
native 38912/42994 615s
native 39936/42994 623s
native 40960/42994 631s
native 41984/42994 640s
Standard-FT C2s1 ranks done
native 32/42994 14s
native 1024/42994 16s
native 2048/42994 19s
native 3072/42994 22s
native 4096/42994 26s
native 5120/42994 31s
native 6144/42994 36s
native 7168/42994 41s
native 8192/42994 46s
native 9216/42994 52s
native 10240/42994 58s
native 11264/42994 65s
native 12288/42994 71s
native 13312/42994 78s
native 14336/42994 86s
native 15360/42994 93s
native 16384/42994 101s
native 17408/42994 109s
native 18432/42994 117s
native 19456/42994 125s
native 20480/42994 133s
native 21504/42994 142s
native 22528/42994 150s
native 23552/42994 158s
native 24576/42994 166s
native 25600/42994 175s
native 26624/42994 183s
native 27648/42994 191s
native 28672/42994 199s
native 29696/42994 207s
native 30720/42994 215s
native 31744/42994 223s
native 32768/42994 232s
native 33792/42994 240s
native 34816/42994 248s
native 35840/42994 256s
native 36864/42994 265s
native 37888/42994 273s
native 38912/42994 281s
native 39936/42994 289s
native 40960/42994 297s
native 41984/42994 306s
Standard-FT C2s2 ranks done
native 32/42994 21s
native 1024/42994 23s
native 2048/42994 25s
native 3072/42994 29s
native 4096/42994 33s
native 5120/42994 38s
native 6144/42994 43s
native 7168/42994 48s
native 8192/42994 54s
native 9216/42994 60s
native 10240/42994 66s
native 11264/42994 73s
native 12288/42994 79s
native 13312/42994 86s
native 14336/42994 94s
native 15360/42994 102s
native 16384/42994 110s
native 17408/42994 118s
native 18432/42994 126s
native 19456/42994 134s
native 20480/42994 142s
native 21504/42994 151s
native 22528/42994 159s
native 23552/42994 168s
native 24576/42994 176s
native 25600/42994 184s
native 26624/42994 192s
native 27648/42994 201s
native 28672/42994 209s
native 29696/42994 217s
native 30720/42994 226s
native 31744/42994 234s
native 32768/42994 243s
native 33792/42994 251s
native 34816/42994 259s
native 35840/42994 268s
native 36864/42994 276s
native 37888/42994 284s
native 38912/42994 293s
native 39936/42994 301s
native 40960/42994 310s
native 41984/42994 318s
Standard-FT C2s3 ranks done
native 32/42994 22s
native 1024/42994 25s
native 2048/42994 28s
native 3072/42994 31s
native 4096/42994 35s
native 5120/42994 39s
native 6144/42994 44s
native 7168/42994 49s
native 8192/42994 55s
native 9216/42994 61s
native 10240/42994 67s
native 11264/42994 73s
native 12288/42994 80s
native 13312/42994 87s
native 14336/42994 95s
native 15360/42994 103s
native 16384/42994 111s
native 17408/42994 119s
native 18432/42994 127s
native 19456/42994 135s
native 20480/42994 144s
native 21504/42994 152s
native 22528/42994 160s
native 23552/42994 168s
native 24576/42994 177s
native 25600/42994 185s
native 26624/42994 194s
native 27648/42994 202s
native 28672/42994 210s
native 29696/42994 219s
native 30720/42994 228s
native 31744/42994 236s
native 32768/42994 245s
native 33792/42994 253s
native 34816/42994 262s
native 35840/42994 270s
native 36864/42994 279s
native 37888/42994 287s
native 38912/42994 295s
native 39936/42994 304s
native 40960/42994 313s
native 41984/42994 321s
Standard-FT C2s4 ranks done
native 32/42994 24s
native 1024/42994 26s
native 2048/42994 29s
native 3072/42994 32s
native 4096/42994 37s
native 5120/42994 41s
native 6144/42994 47s
native 7168/42994 52s
native 8192/42994 57s
native 9216/42994 63s
native 10240/42994 70s
native 11264/42994 76s
native 12288/42994 83s
native 13312/42994 90s
native 14336/42994 98s
native 15360/42994 106s
native 16384/42994 114s
native 17408/42994 123s
native 18432/42994 131s
native 19456/42994 140s
native 20480/42994 148s
native 21504/42994 157s
native 22528/42994 165s
native 23552/42994 174s
native 24576/42994 183s
native 25600/42994 191s
native 26624/42994 199s
native 27648/42994 208s
native 28672/42994 216s
native 29696/42994 225s
native 30720/42994 233s
native 31744/42994 242s
native 32768/42994 251s
native 33792/42994 259s
native 34816/42994 268s
native 35840/42994 276s
native 36864/42994 285s
native 37888/42994 294s
native 38912/42994 302s
native 39936/42994 310s
native 40960/42994 319s
native 41984/42994 327s
Standard-FT C2s5 ranks done
Adapted-PI-FT 0 0 4.2642822265625
Adapted-PI-FT 0 1 4.2147216796875
Adapted-PI-FT 0 2 3.898193359375
Adapted-PI-FT 0 3 1.8454484939575195
Adapted-PI-FT 1 4 2.6562042236328125
Adapted-PI-FT 1 5 2.4996337890625
Adapted-PI-FT 1 6 2.253509521484375
Adapted-PI-FT 1 7 1.07479727268219
Adapted-PI-FT 2 8 1.691009521484375
Adapted-PI-FT 2 9 1.7776107788085938
Adapted-PI-FT 2 10 1.534942626953125
Adapted-PI-FT 2 11 0.48116400837898254
Adapted-PI-FT 3 12 1.4064292907714844
Adapted-PI-FT 3 13 1.2440223693847656
Adapted-PI-FT 3 14 0.9851770401000977
Adapted-PI-FT 3 15 0.3231731951236725
Adapted-PI-FT 4 16 1.1213626861572266
Adapted-PI-FT 4 17 0.9996519088745117
Adapted-PI-FT 4 18 1.005584716796875
Adapted-PI-FT 4 19 0.7079494595527649
