XAI minilm_2_3276_minimum zero passed 64 1.2
XAI minilm_2_3276_minimum pad passed 64 0.8
XAI minilm_2_3276_maximum zero passed 64 0.9
XAI minilm_2_3276_maximum pad passed 64 0.8
XAI minilm_111_10165_minimum zero passed 64 0.6
XAI minilm_111_10165_minimum pad passed 64 1.0
XAI minilm_111_10165_maximum zero passed 64 0.6
XAI minilm_111_10165_maximum pad passed 64 0.7
XAI minilm_86_41495_minimum zero passed 64 0.9
XAI minilm_86_41495_minimum pad passed 64 1.1
XAI minilm_86_41495_maximum zero passed 64 0.7
XAI minilm_86_41495_maximum pad passed 64 0.9
XAI minilm_245_4394_minimum zero passed 64 0.9
XAI minilm_245_4394_minimum pad passed 64 1.1
XAI minilm_245_4394_maximum zero passed 64 0.8
XAI minilm_245_4394_maximum pad passed 64 1.1
XAI minilm_160_8066_minimum zero passed 64 0.9
XAI minilm_160_8066_minimum pad passed 64 0.8
XAI minilm_160_8066_maximum zero passed 64 1.0
XAI minilm_160_8066_maximum pad passed 64 0.8
XAI minilm_333_22324_minimum zero passed 64 0.9
XAI minilm_333_22324_minimum pad passed 64 0.6
XAI minilm_333_22324_maximum zero passed 64 1.1
XAI minilm_333_22324_maximum pad passed 64 0.7
XAI minilm_415_32674_minimum zero passed 64 0.9
XAI minilm_415_32674_minimum pad passed 64 0.7
XAI minilm_415_32674_maximum zero passed 64 0.7
XAI minilm_415_32674_maximum pad passed 64 0.8
XAI minilm_446_27022_minimum zero passed 64 0.7
XAI minilm_446_27022_minimum pad passed 64 0.9
XAI minilm_446_27022_maximum zero passed 64 0.9
XAI minilm_446_27022_maximum pad passed 64 0.8
XAI minilm_28_35834_minimum zero passed 64 1.0
XAI minilm_28_35834_minimum pad passed 64 0.9
XAI minilm_28_35834_maximum zero passed 64 0.8
XAI minilm_28_35834_maximum pad passed 64 0.8
XAI minilm_68_9711_minimum zero passed 64 0.8
XAI minilm_68_9711_minimum pad passed 64 0.8
XAI minilm_68_9711_maximum zero passed 64 0.8
XAI minilm_68_9711_maximum pad passed 64 0.9
XAI minilm_184_15749_minimum zero passed 64 0.8
XAI minilm_184_15749_minimum pad passed 64 0.9
XAI minilm_184_15749_maximum zero passed 64 0.9
XAI minilm_184_15749_maximum pad passed 64 0.8
XAI minilm_231_10873_minimum zero passed 64 1.0
XAI minilm_231_10873_minimum pad passed 64 0.9
XAI minilm_231_10873_maximum zero passed 64 0.9
XAI minilm_231_10873_maximum pad passed 64 1.1
XAI minilm_359_12575_minimum zero passed 64 0.6
XAI minilm_359_12575_minimum pad passed 64 0.5
XAI minilm_359_12575_maximum zero passed 64 0.5
XAI minilm_359_12575_maximum pad passed 64 0.6
XAI bge_base_241_13328_minimum zero passed 64 10.1
XAI bge_base_241_13328_minimum pad passed 64 10.3
XAI bge_base_241_13328_maximum zero passed 128 27.9
XAI bge_base_241_13328_maximum pad passed 64 13.9
XAI bge_base_235_7253_minimum zero passed 128 90.7
XAI bge_base_235_7253_minimum pad passed 64 36.0
XAI bge_base_235_7253_maximum zero passed 128 81.3
XAI bge_base_235_7253_maximum pad passed 128 81.5
XAI bge_base_242_14483_minimum zero passed 64 28.4
XAI bge_base_242_14483_minimum pad passed 64 27.6
XAI bge_base_242_14483_maximum zero passed 64 24.9
XAI bge_base_242_14483_maximum pad passed 64 24.0
XAI bge_base_250_2598_minimum zero passed 256 194.7
XAI bge_base_250_2598_minimum pad passed 64 29.3
XAI bge_base_250_2598_maximum zero passed 128 73.1
XAI bge_base_250_2598_maximum pad passed 64 10.8
XAI bge_base_260_41359_minimum zero passed 64 9.5
XAI bge_base_260_41359_minimum pad passed 64 9.2
XAI bge_base_260_41359_maximum zero completeness_failed 256 64.2
XAI bge_base_260_41359_maximum pad passed 64 9.2
XAI bge_base_408_27808_minimum zero passed 256 49.7
XAI bge_base_408_27808_minimum pad passed 64 7.0
XAI bge_base_408_27808_maximum zero passed 256 49.0
XAI bge_base_408_27808_maximum pad passed 64 7.1
XAI bge_base_2_24094_minimum zero passed 128 17.0
XAI bge_base_2_24094_minimum pad passed 64 5.8
XAI bge_base_2_24094_maximum zero passed 256 39.4
XAI bge_base_2_24094_maximum pad passed 64 5.6
XAI bge_base_235_28377_minimum zero passed 64 5.7
XAI bge_base_235_28377_minimum pad passed 64 5.7
XAI bge_base_235_28377_maximum zero passed 64 6.0
XAI bge_base_235_28377_maximum pad passed 64 5.8
XAI bge_base_420_13149_minimum zero passed 64 9.5
XAI bge_base_420_13149_minimum pad passed 64 9.4
XAI bge_base_420_13149_maximum zero passed 256 64.5
XAI bge_base_420_13149_maximum pad passed 64 9.4
XAI bge_base_473_4373_minimum zero passed 128 14.9
XAI bge_base_473_4373_minimum pad passed 64 5.1
XAI bge_base_473_4373_maximum zero passed 256 34.7
XAI bge_base_473_4373_maximum pad passed 64 5.0
XAI bge_base_235_40594_minimum zero passed 128 13.6
XAI bge_base_235_40594_minimum pad passed 64 4.6
XAI bge_base_235_40594_maximum zero passed 128 14.1
XAI bge_base_235_40594_maximum pad passed 64 5.0
XAI bge_base_26_5296_minimum zero completeness_failed 256 61.5
XAI bge_base_26_5296_minimum pad passed 64 8.9
XAI bge_base_26_5296_maximum zero passed 128 26.2
XAI bge_base_26_5296_maximum pad passed 128 26.7
XAI COMPLETE 100 input/baseline runs
