........
----------------------------------------------------------------------
Ran 8 tests in 0.101s

OK
EVALUATED wands minilm raw C0 queries 308
EVALUATED wands minilm raw C1 queries 308
EVALUATED wands minilm raw C2s1 queries 308
EVALUATED wands minilm raw C2s2 queries 308
EVALUATED wands minilm raw C2s3 queries 308
EVALUATED wands minilm raw C2s4 queries 308
EVALUATED wands minilm raw C2s5 queries 308
EVALUATED wands minilm set_mean fixed queries 308
EVALUATED wands minilm centroid_2 fixed queries 308
EVALUATED wands minilm max_2 fixed queries 308
EVALUATED wands bge_base raw C0 queries 308
EVALUATED wands bge_base raw C1 queries 308
EVALUATED wands bge_base raw C2s1 queries 308
EVALUATED wands bge_base raw C2s2 queries 308
EVALUATED wands bge_base raw C2s3 queries 308
EVALUATED wands bge_base raw C2s4 queries 308
EVALUATED wands bge_base raw C2s5 queries 308
EVALUATED wands bge_base set_mean fixed queries 308
EVALUATED wands bge_base centroid_2 fixed queries 308
EVALUATED wands bge_base max_2 fixed queries 308
EVALUATED wands bge_base centroid_4 fixed queries 308
EVALUATED wands bge_base max_4 fixed queries 308
EVALUATED wands bge_base centroid_7 fixed queries 308
EVALUATED wands bge_base max_7 fixed queries 308
EVALUATED wands gte_modernbert raw C0 queries 308
EVALUATED wands gte_modernbert raw C1 queries 308
EVALUATED wands gte_modernbert raw C2s1 queries 308
EVALUATED wands gte_modernbert raw C2s2 queries 308
EVALUATED wands gte_modernbert raw C2s3 queries 308
EVALUATED wands gte_modernbert raw C2s4 queries 308
EVALUATED wands gte_modernbert raw C2s5 queries 308
EVALUATED wands lexical BM25 fixed queries 308
EVALUATED wands minilm lexical_ascending fixed queries 308
EVALUATED wands minilm canonical_hybrid_lexical_ascending fixed queries 308
EVALUATED wands bge_base lexical_ascending fixed queries 308
EVALUATED wands bge_base canonical_hybrid_lexical_ascending fixed queries 308
EVALUATED wands gte_modernbert lexical_ascending fixed queries 308
EVALUATED wands minilm lexical_descending fixed queries 308
EVALUATED wands minilm canonical_hybrid_lexical_descending fixed queries 308
EVALUATED wands bge_base lexical_descending fixed queries 308
EVALUATED wands bge_base canonical_hybrid_lexical_descending fixed queries 308
EVALUATED wands gte_modernbert lexical_descending fixed queries 308
EVALUATED wands minilm field_priority_type fixed queries 308
EVALUATED wands minilm canonical_hybrid_field_priority_type fixed queries 308
EVALUATED wands bge_base field_priority_type fixed queries 308
EVALUATED wands bge_base canonical_hybrid_field_priority_type fixed queries 308
EVALUATED wands gte_modernbert field_priority_type fixed queries 308
EVALUATED wands minilm raw_hybrid C0 queries 308
EVALUATED wands minilm raw_hybrid C1 queries 308
EVALUATED wands minilm raw_hybrid C2s1 queries 308
EVALUATED wands minilm raw_hybrid C2s2 queries 308
EVALUATED wands minilm raw_hybrid C2s3 queries 308
EVALUATED wands minilm raw_hybrid C2s4 queries 308
EVALUATED wands minilm raw_hybrid C2s5 queries 308
EVALUATED wands bge_base raw_hybrid C0 queries 308
EVALUATED wands bge_base raw_hybrid C1 queries 308
EVALUATED wands bge_base raw_hybrid C2s1 queries 308
EVALUATED wands bge_base raw_hybrid C2s2 queries 308
EVALUATED wands bge_base raw_hybrid C2s3 queries 308
EVALUATED wands bge_base raw_hybrid C2s4 queries 308
EVALUATED wands bge_base raw_hybrid C2s5 queries 308
EVALUATED esci minilm raw C0 queries 499
EVALUATED esci minilm raw C1 queries 499
EVALUATED esci minilm raw C2s1 queries 499
EVALUATED esci minilm raw C2s2 queries 499
EVALUATED esci minilm raw C2s3 queries 499
EVALUATED esci minilm raw C2s4 queries 499
EVALUATED esci minilm raw C2s5 queries 499
EVALUATED esci minilm set_mean fixed queries 499
EVALUATED esci minilm centroid_2 fixed queries 499
EVALUATED esci minilm max_2 fixed queries 499
EVALUATED esci bge_base raw C0 queries 499
EVALUATED esci bge_base raw C1 queries 499
EVALUATED esci bge_base raw C2s1 queries 499
EVALUATED esci bge_base raw C2s2 queries 499
EVALUATED esci bge_base raw C2s3 queries 499
EVALUATED esci bge_base raw C2s4 queries 499
EVALUATED esci bge_base raw C2s5 queries 499
EVALUATED esci bge_base set_mean fixed queries 499
EVALUATED esci bge_base centroid_2 fixed queries 499
EVALUATED esci bge_base max_2 fixed queries 499
EVALUATED esci bge_base centroid_4 fixed queries 499
EVALUATED esci bge_base max_4 fixed queries 499
EVALUATED esci bge_base centroid_7 fixed queries 499
EVALUATED esci bge_base max_7 fixed queries 499
EVALUATED esci gte_modernbert raw C0 queries 499
EVALUATED esci gte_modernbert raw C1 queries 499
EVALUATED esci gte_modernbert raw C2s1 queries 499
EVALUATED esci gte_modernbert raw C2s2 queries 499
EVALUATED esci gte_modernbert raw C2s3 queries 499
EVALUATED esci gte_modernbert raw C2s4 queries 499
EVALUATED esci gte_modernbert raw C2s5 queries 499
EVALUATED esci lexical BM25 fixed queries 499
EVALUATED esci minilm lexical_ascending fixed queries 499
EVALUATED esci minilm canonical_hybrid_lexical_ascending fixed queries 499
EVALUATED esci bge_base lexical_ascending fixed queries 499
EVALUATED esci bge_base canonical_hybrid_lexical_ascending fixed queries 499
EVALUATED esci gte_modernbert lexical_ascending fixed queries 499
EVALUATED esci minilm lexical_descending fixed queries 499
EVALUATED esci minilm canonical_hybrid_lexical_descending fixed queries 499
EVALUATED esci bge_base lexical_descending fixed queries 499
EVALUATED esci bge_base canonical_hybrid_lexical_descending fixed queries 499
EVALUATED esci gte_modernbert lexical_descending fixed queries 499
EVALUATED esci minilm field_priority_type fixed queries 499
EVALUATED esci minilm canonical_hybrid_field_priority_type fixed queries 499
EVALUATED esci bge_base field_priority_type fixed queries 499
EVALUATED esci bge_base canonical_hybrid_field_priority_type fixed queries 499
EVALUATED esci gte_modernbert field_priority_type fixed queries 499
EVALUATED esci minilm raw_hybrid C0 queries 499
EVALUATED esci minilm raw_hybrid C1 queries 499
EVALUATED esci minilm raw_hybrid C2s1 queries 499
EVALUATED esci minilm raw_hybrid C2s2 queries 499
EVALUATED esci minilm raw_hybrid C2s3 queries 499
EVALUATED esci minilm raw_hybrid C2s4 queries 499
EVALUATED esci minilm raw_hybrid C2s5 queries 499
EVALUATED esci bge_base raw_hybrid C0 queries 499
EVALUATED esci bge_base raw_hybrid C1 queries 499
EVALUATED esci bge_base raw_hybrid C2s1 queries 499
EVALUATED esci bge_base raw_hybrid C2s2 queries 499
EVALUATED esci bge_base raw_hybrid C2s3 queries 499
EVALUATED esci bge_base raw_hybrid C2s4 queries 499
EVALUATED esci bge_base raw_hybrid C2s5 queries 499
COMPLETE 49227 records
