loaded BAAI/bge-base-en-v1.5@a5beb1e3e68b9ab74eb54cfd186867f64f240e1a on cuda; hidden=768
cache hit wands_bge_base_view1_4701f4c51a662ce874be.npy
cache hit wands_bge_base_view2_09e5e8d91d95321f933d.npy
cache hit wands_bge_base_view3_c6e5c3a72b1fa0bcf62c.npy
cache hit wands_bge_base_view4_1396b025a95bf6bc4abc.npy
native 16/42994 12s
native 1024/42994 14s
native 2048/42994 16s
native 3072/42994 19s
native 4096/42994 22s
native 5120/42994 25s
native 6144/42994 28s
native 7168/42994 32s
native 8192/42994 35s
native 9216/42994 40s
native 10240/42994 44s
native 11264/42994 48s
native 12288/42994 53s
native 13312/42994 58s
native 14336/42994 63s
native 15360/42994 68s
native 16384/42994 74s
native 17408/42994 79s
native 18432/42994 85s
native 19456/42994 90s
native 20480/42994 96s
native 21504/42994 101s
native 22528/42994 106s
native 23552/42994 112s
native 24576/42994 117s
native 25600/42994 123s
native 26624/42994 128s
native 27648/42994 134s
native 28672/42994 139s
native 29696/42994 145s
native 30720/42994 150s
native 31744/42994 156s
native 32768/42994 161s
native 33792/42994 167s
native 34816/42994 172s
native 35840/42994 178s
native 36864/42994 184s
native 37888/42994 189s
native 38912/42994 195s
native 39936/42994 200s
native 40960/42994 206s
native 41984/42994 211s
native 16/42994 8s
native 1024/42994 9s
native 2048/42994 11s
native 3072/42994 14s
native 4096/42994 17s
native 5120/42994 20s
native 6144/42994 24s
native 7168/42994 27s
native 8192/42994 31s
native 9216/42994 35s
native 10240/42994 39s
native 11264/42994 44s
native 12288/42994 48s
native 13312/42994 53s
native 14336/42994 58s
native 15360/42994 63s
native 16384/42994 69s
native 17408/42994 74s
native 18432/42994 80s
native 19456/42994 85s
native 20480/42994 91s
native 21504/42994 96s
native 22528/42994 101s
native 23552/42994 107s
native 24576/42994 112s
native 25600/42994 118s
native 26624/42994 123s
native 27648/42994 129s
native 28672/42994 134s
native 29696/42994 140s
native 30720/42994 145s
native 31744/42994 151s
native 32768/42994 156s
native 33792/42994 161s
native 34816/42994 167s
native 35840/42994 173s
native 36864/42994 178s
native 37888/42994 184s
native 38912/42994 189s
native 39936/42994 194s
native 40960/42994 200s
native 41984/42994 205s
native 16/42994 9s
native 1024/42994 11s
native 2048/42994 13s
native 3072/42994 16s
native 4096/42994 19s
native 5120/42994 22s
native 6144/42994 25s
native 7168/42994 29s
native 8192/42994 33s
native 9216/42994 37s
native 10240/42994 41s
native 11264/42994 46s
native 12288/42994 50s
native 13312/42994 55s
native 14336/42994 60s
native 15360/42994 65s
native 16384/42994 71s
native 17408/42994 76s
native 18432/42994 82s
native 19456/42994 87s
native 20480/42994 93s
native 21504/42994 98s
native 22528/42994 104s
native 23552/42994 110s
native 24576/42994 115s
native 25600/42994 121s
native 26624/42994 126s
native 27648/42994 131s
native 28672/42994 137s
native 29696/42994 143s
native 30720/42994 148s
native 31744/42994 154s
native 32768/42994 159s
native 33792/42994 165s
native 34816/42994 170s
native 35840/42994 176s
native 36864/42994 182s
native 37888/42994 187s
native 38912/42994 193s
native 39936/42994 199s
native 40960/42994 204s
native 41984/42994 209s
SATURATION COMPLETE wands
loaded BAAI/bge-base-en-v1.5@a5beb1e3e68b9ab74eb54cfd186867f64f240e1a on cuda; hidden=768
cache hit esci_bge_base_view1_d132d089c6f6cb1fe48f.npy
cache hit esci_bge_base_view2_8d4ea33a4f0ccb3553cf.npy
native 16/10076 1s
native 1024/10076 2s
native 2048/10076 3s
native 3072/10076 4s
native 4096/10076 5s
native 5120/10076 7s
native 6144/10076 9s
native 7168/10076 13s
native 8192/10076 18s
native 9216/10076 24s
native 16/10076 2s
native 1024/10076 3s
native 2048/10076 3s
native 3072/10076 4s
native 4096/10076 6s
native 5120/10076 8s
native 6144/10076 11s
native 7168/10076 14s
native 8192/10076 20s
native 9216/10076 25s
native 16/10076 2s
native 1024/10076 3s
native 2048/10076 4s
native 3072/10076 5s
native 4096/10076 6s
native 5120/10076 8s
native 6144/10076 11s
native 7168/10076 15s
native 8192/10076 19s
native 9216/10076 25s
native 16/10076 2s
native 1024/10076 3s
native 2048/10076 4s
native 3072/10076 5s
native 4096/10076 6s
native 5120/10076 8s
native 6144/10076 11s
native 7168/10076 14s
native 8192/10076 19s
native 9216/10076 25s
native 16/10076 1s
native 1024/10076 1s
native 2048/10076 2s
native 3072/10076 3s
native 4096/10076 4s
native 5120/10076 6s
native 6144/10076 9s
native 7168/10076 12s
native 8192/10076 17s
native 9216/10076 22s
SATURATION COMPLETE esci
