                  Method  Epoch  Recall@100  Robust@100  Never@100
           Set-Attention      1   62.172915   62.172915  37.827085
       Phase-VI DeepSets      1   60.794700   60.794700  39.205300
                D_T0_s42      0   62.172915   62.172915  37.827085
                D_T1_s42      0   62.172915   62.172915  37.827085
                D_T2_s42      0   62.172915   62.172915  37.827085
Phase-VI Set Transformer      1   55.097413   55.097413  44.902587
                S_T0_s42      0   62.172915   62.172915  37.827085
                S_T1_s42      0   62.172915   62.172915  37.827085
                S_T2_s42      0   62.172915   62.172915  37.827085
SCALE         Method            Key Split  Training_Fraction  Examples  Epoch  Learning_Rate  Best_Trained_Dev_R100  Best_Trained_Dev_Epoch  Recall@100  Robust@100  Never@100
      DeepSets D_T2_f0.25_s42   dev               0.25       814      0         0.0001              79.583913                       1   79.583913   79.583913  20.416087
      DeepSets D_T2_f0.25_s42  test               0.25       814      0         0.0001              79.583913                       1   62.172915   62.172915  37.827085
      DeepSets  D_T2_f0.5_s42   dev               0.50      1628      0         0.0001              78.832356                       1   79.583913   79.583913  20.416087
      DeepSets  D_T2_f0.5_s42  test               0.50      1628      0         0.0001              78.832356                       1   62.172915   62.172915  37.827085
      DeepSets       D_T2_s42   dev               1.00      3257      0         0.0001              58.712225                       1   79.583913   79.583913  20.416087
      DeepSets       D_T2_s42  test               1.00      3257      0         0.0001              58.712225                       1   62.172915   62.172915  37.827085
SetTransformer S_T2_f0.25_s42   dev               0.25       814      0         0.0001              78.265422                       1   79.583913   79.583913  20.416087
SetTransformer S_T2_f0.25_s42  test               0.25       814      0         0.0001              78.265422                       1   62.172915   62.172915  37.827085
SetTransformer  S_T2_f0.5_s42   dev               0.50      1628      0         0.0001              67.150486                       1   79.583913   79.583913  20.416087
SetTransformer  S_T2_f0.5_s42  test               0.50      1628      0         0.0001              67.150486                       1   62.172915   62.172915  37.827085
SetTransformer       S_T2_s42   dev               1.00      3257      0         0.0001              58.396916                       1   79.583913   79.583913  20.416087
SetTransformer       S_T2_s42  test               1.00      3257      0         0.0001              58.396916                       1   62.172915   62.172915  37.827085
SEEDS Family Split                  Mode  N  Recall@100_mean  Recall@100_std  Recall@100_min  Recall@100_max  Robust@100_mean  Robust@100_std  Robust@100_min  Robust@100_max  Never@100_mean  Never@100_std  Never@100_min  Never@100_max
     D   dev               catalog  3        79.583913    0.000000e+00       79.583913       79.583913        79.583913    0.000000e+00       79.583913       79.583913       20.416087            0.0      20.416087      20.416087
     S   dev               catalog  3        79.583913    0.000000e+00       79.583913       79.583913        79.583913    0.000000e+00       79.583913       79.583913       20.416087            0.0      20.416087      20.416087
     D  test               catalog  3        62.172915    0.000000e+00       62.172915       62.172915        62.172915    0.000000e+00       62.172915       62.172915       37.827085            0.0      37.827085      37.827085
     S  test               catalog  3        62.172915    0.000000e+00       62.172915       62.172915        62.172915    0.000000e+00       62.172915       62.172915       37.827085            0.0      37.827085      37.827085
     D  test catalog_fully_fitting  3        60.342450    8.702336e-15       60.342450       60.342450        60.342450    8.702336e-15       60.342450       60.342450       39.657550            0.0      39.657550      39.657550
     S  test catalog_fully_fitting  3        60.342450    8.702336e-15       60.342450       60.342450        60.342450    8.702336e-15       60.342450       60.342450       39.657550            0.0      39.657550      39.657550
