D_T0_s42_lr0.0001 epoch 0 dev R100 79.5839 best 0 alpha 0.05002 cos 1.0
C:\Users\ycw\OneDrive - Høgskulen på Vestlandet\Documents\New project\shopping-representation-bias\phase6b\experiment.py:208: UserWarning: Converting a tensor with requires_grad=True to a scalar may lead to unexpected behavior.
Consider using tensor.detach() first. (Triggered internally at C:\actions-runner\_work\pytorch\pytorch\pytorch\torch\csrc\autograd\generated\python_variable_methods.cpp:837.)
  alpha=float(model.beta.sigmoid()), positives=len(group), negatives=int(mask.sum() - len(group))))
D_T0_s42_lr0.0001 epoch 1 dev R100 79.5839 best 0 alpha 0.05016 cos 1.0
D_T0_s42_lr0.0001 epoch 2 dev R100 79.5839 best 0 alpha 0.05041 cos 0.999978
D_T0_s42_lr0.0001 epoch 3 dev R100 78.5804 best 0 alpha 0.05069 cos 0.992227
D_T0_s42_lr0.0001 epoch 4 dev R100 71.7916 best 0 alpha 0.05103 cos 0.789975
D_T0_s42_lr0.0003 epoch 0 dev R100 79.5839 best 0 alpha 0.05002 cos 1.0
D_T0_s42_lr0.0003 epoch 1 dev R100 78.964 best 0 alpha 0.05053 cos 0.999646
D_T0_s42_lr0.0003 epoch 2 dev R100 72.7292 best 0 alpha 0.05126 cos 0.610213
D_T0_s42_lr0.0003 epoch 3 dev R100 76.2188 best 0 alpha 0.05127 cos 0.534784
D_T0_s42_lr0.0003 epoch 4 dev R100 54.9696 best 0 alpha 0.05138 cos 0.475462
D_T1_s42_lr0.0001 epoch 0 dev R100 79.5839 best 0 alpha 0.05002 cos 1.0
D_T1_s42_lr0.0001 epoch 1 dev R100 67.0127 best 0 alpha 0.05112 cos 0.697713
D_T1_s42_lr0.0001 epoch 2 dev R100 29.4562 best 0 alpha 0.0514 cos 0.552076
D_T1_s42_lr0.0001 epoch 3 dev R100 37.6598 best 0 alpha 0.05151 cos 0.760817
D_T1_s42_lr0.0001 epoch 4 dev R100 18.8394 best 0 alpha 0.05161 cos 0.60172
D_T1_s42_lr0.0003 epoch 0 dev R100 79.5839 best 0 alpha 0.05002 cos 1.0
D_T1_s42_lr0.0003 epoch 1 dev R100 36.9803 best 0 alpha 0.05149 cos 0.744267
D_T1_s42_lr0.0003 epoch 2 dev R100 12.8221 best 0 alpha 0.05178 cos 0.586275
D_T1_s42_lr0.0003 epoch 3 dev R100 21.1698 best 0 alpha 0.052 cos 0.674961
D_T1_s42_lr0.0003 epoch 4 dev R100 9.486 best 0 alpha 0.05224 cos 0.542351
D_T2_s42_lr0.0001 epoch 0 dev R100 79.5839 best 0 alpha 0.05002 cos 1.0
D_T2_s42_lr0.0001 epoch 1 dev R100 58.7122 best 0 alpha 0.05116 cos 0.625607
D_T2_s42_lr0.0001 epoch 2 dev R100 11.2905 best 0 alpha 0.05149 cos 0.529646
D_T2_s42_lr0.0001 epoch 3 dev R100 2.0903 best 0 alpha 0.0516 cos 0.474317
D_T2_s42_lr0.0001 epoch 4 dev R100 9.4235 best 0 alpha 0.05167 cos 0.555479
D_T2_s42_lr0.0003 epoch 0 dev R100 79.5839 best 0 alpha 0.05002 cos 1.0
D_T2_s42_lr0.0003 epoch 1 dev R100 10.5495 best 0 alpha 0.0514 cos 0.546178
D_T2_s42_lr0.0003 epoch 2 dev R100 9.1776 best 0 alpha 0.05173 cos 0.510104
D_T2_s42_lr0.0003 epoch 3 dev R100 0.4911 best 0 alpha 0.05198 cos 0.326301
D_T2_s42_lr0.0003 epoch 4 dev R100 8.2833 best 0 alpha 0.05214 cos 0.497429
S_T0_s42_lr0.0001 epoch 0 dev R100 79.5839 best 0 alpha 0.05002 cos 1.0
S_T0_s42_lr0.0001 epoch 1 dev R100 77.1601 best 0 alpha 0.05016 cos 0.998327
S_T0_s42_lr0.0001 epoch 2 dev R100 75.4285 best 0 alpha 0.05039 cos 0.994055
S_T0_s42_lr0.0001 epoch 3 dev R100 76.1004 best 0 alpha 0.05056 cos 0.993707
S_T0_s42_lr0.0001 epoch 4 dev R100 67.7007 best 0 alpha 0.05075 cos 0.986327
S_T0_s42_lr0.0003 epoch 0 dev R100 79.5839 best 0 alpha 0.05002 cos 1.0
S_T0_s42_lr0.0003 epoch 1 dev R100 71.1538 best 0 alpha 0.05052 cos 0.981623
S_T0_s42_lr0.0003 epoch 2 dev R100 60.0638 best 0 alpha 0.05105 cos 0.95015
S_T0_s42_lr0.0003 epoch 3 dev R100 44.9201 best 0 alpha 0.05154 cos 0.9251
S_T0_s42_lr0.0003 epoch 4 dev R100 44.2256 best 0 alpha 0.05192 cos 0.896023
S_T1_s42_lr0.0001 epoch 0 dev R100 79.5839 best 0 alpha 0.05002 cos 1.0
S_T1_s42_lr0.0001 epoch 1 dev R100 63.9504 best 0 alpha 0.05093 cos 0.972232
S_T1_s42_lr0.0001 epoch 2 dev R100 55.3685 best 0 alpha 0.05161 cos 0.97057
S_T1_s42_lr0.0001 epoch 3 dev R100 35.7229 best 0 alpha 0.05225 cos 0.876588
S_T1_s42_lr0.0001 epoch 4 dev R100 33.7099 best 0 alpha 0.05288 cos 0.832384
S_T1_s42_lr0.0003 epoch 0 dev R100 79.5839 best 0 alpha 0.05002 cos 1.0
S_T1_s42_lr0.0003 epoch 1 dev R100 35.839 best 0 alpha 0.05247 cos 0.723777
S_T1_s42_lr0.0003 epoch 2 dev R100 35.3426 best 0 alpha 0.05357 cos 0.535112
S_T1_s42_lr0.0003 epoch 3 dev R100 40.7365 best 0 alpha 0.05419 cos 0.387794
S_T1_s42_lr0.0003 epoch 4 dev R100 18.7191 best 0 alpha 0.05471 cos 0.385836
S_T2_s42_lr0.0001 epoch 0 dev R100 79.5839 best 0 alpha 0.05002 cos 1.0
S_T2_s42_lr0.0001 epoch 1 dev R100 58.3969 best 0 alpha 0.05087 cos 0.975723
S_T2_s42_lr0.0001 epoch 2 dev R100 50.6238 best 0 alpha 0.05142 cos 0.965181
S_T2_s42_lr0.0001 epoch 3 dev R100 35.2168 best 0 alpha 0.052 cos 0.925597
S_T2_s42_lr0.0001 epoch 4 dev R100 24.7081 best 0 alpha 0.05252 cos 0.792609
S_T2_s42_lr0.0003 epoch 0 dev R100 79.5839 best 0 alpha 0.05002 cos 1.0
S_T2_s42_lr0.0003 epoch 1 dev R100 36.8055 best 0 alpha 0.05216 cos 0.855472
S_T2_s42_lr0.0003 epoch 2 dev R100 22.4536 best 0 alpha 0.05369 cos 0.55886
S_T2_s42_lr0.0003 epoch 3 dev R100 8.2549 best 0 alpha 0.05454 cos 0.435006
S_T2_s42_lr0.0003 epoch 4 dev R100 8.2879 best 0 alpha 0.05526 cos 0.347799
D_T2_f0.25_s42_lr0.0001 epoch 0 dev R100 79.5839 best 0 alpha 0.05002 cos 1.0
D_T2_f0.25_s42_lr0.0001 epoch 1 dev R100 79.5839 best 0 alpha 0.05029 cos 0.999995
D_T2_f0.25_s42_lr0.0001 epoch 2 dev R100 77.3158 best 0 alpha 0.05075 cos 0.980386
D_T2_f0.25_s42_lr0.0001 epoch 3 dev R100 74.9059 best 0 alpha 0.05105 cos 0.632897
D_T2_f0.25_s42_lr0.0001 epoch 4 dev R100 63.4596 best 0 alpha 0.05118 cos 0.580013
D_T2_f0.5_s42_lr0.0001 epoch 0 dev R100 79.5839 best 0 alpha 0.05002 cos 1.0
D_T2_f0.5_s42_lr0.0001 epoch 1 dev R100 78.8324 best 0 alpha 0.05075 cos 0.981373
D_T2_f0.5_s42_lr0.0001 epoch 2 dev R100 57.65 best 0 alpha 0.05116 cos 0.646891
D_T2_f0.5_s42_lr0.0001 epoch 3 dev R100 18.9605 best 0 alpha 0.0514 cos 0.5713
D_T2_f0.5_s42_lr0.0001 epoch 4 dev R100 12.4758 best 0 alpha 0.05151 cos 0.571905
S_T2_f0.25_s42_lr0.0001 epoch 0 dev R100 79.5839 best 0 alpha 0.05002 cos 1.0
S_T2_f0.25_s42_lr0.0001 epoch 1 dev R100 78.2654 best 0 alpha 0.05027 cos 0.996412
S_T2_f0.25_s42_lr0.0001 epoch 2 dev R100 74.2006 best 0 alpha 0.05045 cos 0.991805
S_T2_f0.25_s42_lr0.0001 epoch 3 dev R100 68.1342 best 0 alpha 0.05065 cos 0.990439
S_T2_f0.25_s42_lr0.0001 epoch 4 dev R100 56.3798 best 0 alpha 0.05079 cos 0.97535
S_T2_f0.5_s42_lr0.0001 epoch 0 dev R100 79.5839 best 0 alpha 0.05002 cos 1.0
S_T2_f0.5_s42_lr0.0001 epoch 1 dev R100 67.1505 best 0 alpha 0.05045 cos 0.990495
S_T2_f0.5_s42_lr0.0001 epoch 2 dev R100 60.2361 best 0 alpha 0.05081 cos 0.984353
S_T2_f0.5_s42_lr0.0001 epoch 3 dev R100 47.5099 best 0 alpha 0.05113 cos 0.970533
S_T2_f0.5_s42_lr0.0001 epoch 4 dev R100 42.6862 best 0 alpha 0.05142 cos 0.952136
D_T0_s43_lr0.0001 epoch 0 dev R100 79.5839 best 0 alpha 0.05002 cos 1.0
D_T0_s43_lr0.0001 epoch 1 dev R100 79.5839 best 0 alpha 0.05016 cos 1.0
D_T0_s43_lr0.0001 epoch 2 dev R100 79.5839 best 0 alpha 0.05041 cos 0.999979
D_T0_s43_lr0.0001 epoch 3 dev R100 78.4531 best 0 alpha 0.0507 cos 0.991246
D_T0_s43_lr0.0001 epoch 4 dev R100 70.9631 best 0 alpha 0.05105 cos 0.771511
D_T0_s44_lr0.0001 epoch 0 dev R100 79.5839 best 0 alpha 0.05002 cos 1.0
D_T0_s44_lr0.0001 epoch 1 dev R100 79.5839 best 0 alpha 0.05016 cos 1.0
D_T0_s44_lr0.0001 epoch 2 dev R100 79.5839 best 0 alpha 0.0504 cos 0.999981
D_T0_s44_lr0.0001 epoch 3 dev R100 78.4531 best 0 alpha 0.05069 cos 0.991317
D_T0_s44_lr0.0001 epoch 4 dev R100 71.3782 best 0 alpha 0.05103 cos 0.752879
S_T0_s43_lr0.0001 epoch 0 dev R100 79.5839 best 0 alpha 0.05002 cos 1.0
S_T0_s43_lr0.0001 epoch 1 dev R100 77.7934 best 0 alpha 0.05016 cos 0.998102
S_T0_s43_lr0.0001 epoch 2 dev R100 74.6457 best 0 alpha 0.05039 cos 0.992317
S_T0_s43_lr0.0001 epoch 3 dev R100 75.1243 best 0 alpha 0.05056 cos 0.98768
S_T0_s43_lr0.0001 epoch 4 dev R100 73.1792 best 0 alpha 0.05078 cos 0.982885
S_T0_s44_lr0.0001 epoch 0 dev R100 79.5839 best 0 alpha 0.05002 cos 1.0
S_T0_s44_lr0.0001 epoch 1 dev R100 77.7609 best 0 alpha 0.05016 cos 0.997882
S_T0_s44_lr0.0001 epoch 2 dev R100 74.3086 best 0 alpha 0.0504 cos 0.993309
S_T0_s44_lr0.0001 epoch 3 dev R100 72.6162 best 0 alpha 0.05054 cos 0.991652
S_T0_s44_lr0.0001 epoch 4 dev R100 65.9062 best 0 alpha 0.05069 cos 0.985859
SELECTION LOCKED {'D': 'D_T0_s42', 'S': 'S_T0_s42'} targets []
