minilm ENCODED 1748 / 258757 elapsed 2
minilm ENCODED 3796 / 258757 elapsed 4
minilm ENCODED 4380 / 258757 elapsed 4
minilm ENCODED 6428 / 258757 elapsed 9
minilm ENCODED 8476 / 258757 elapsed 16
minilm ENCODED 9883 / 258757 elapsed 21
minilm ENCODED 11931 / 258757 elapsed 38
minilm ENCODED 13979 / 258757 elapsed 56
minilm ENCODED 16027 / 258757 elapsed 74
minilm ENCODED 18075 / 258757 elapsed 93
minilm ENCODED 20123 / 258757 elapsed 109
minilm ENCODED 22171 / 258757 elapsed 124
minilm ENCODED 24219 / 258757 elapsed 141
minilm ENCODED 26267 / 258757 elapsed 157
minilm ENCODED 28315 / 258757 elapsed 173
minilm ENCODED 30363 / 258757 elapsed 188
minilm ENCODED 32411 / 258757 elapsed 201
minilm ENCODED 34459 / 258757 elapsed 218
minilm ENCODED 36507 / 258757 elapsed 232
minilm ENCODED 38555 / 258757 elapsed 244
minilm ENCODED 40603 / 258757 elapsed 262
minilm ENCODED 42651 / 258757 elapsed 278
minilm ENCODED 44699 / 258757 elapsed 295
minilm ENCODED 46747 / 258757 elapsed 312
minilm ENCODED 48795 / 258757 elapsed 334
minilm ENCODED 50843 / 258757 elapsed 352
minilm ENCODED 52891 / 258757 elapsed 367
minilm ENCODED 54939 / 258757 elapsed 382
minilm ENCODED 56987 / 258757 elapsed 396
minilm ENCODED 59035 / 258757 elapsed 410
minilm ENCODED 61083 / 258757 elapsed 425
minilm ENCODED 63131 / 258757 elapsed 442
minilm ENCODED 65179 / 258757 elapsed 458
minilm ENCODED 67227 / 258757 elapsed 477
minilm ENCODED 69275 / 258757 elapsed 496
minilm ENCODED 71323 / 258757 elapsed 515
minilm ENCODED 73371 / 258757 elapsed 529
minilm ENCODED 75419 / 258757 elapsed 543
minilm ENCODED 77467 / 258757 elapsed 559
minilm ENCODED 79515 / 258757 elapsed 576
minilm ENCODED 81563 / 258757 elapsed 594
minilm ENCODED 83611 / 258757 elapsed 610
minilm ENCODED 85659 / 258757 elapsed 627
minilm ENCODED 87707 / 258757 elapsed 641
minilm ENCODED 89755 / 258757 elapsed 653
minilm ENCODED 91803 / 258757 elapsed 667
minilm ENCODED 93851 / 258757 elapsed 680
minilm ENCODED 95899 / 258757 elapsed 693
minilm ENCODED 97947 / 258757 elapsed 706
minilm ENCODED 99995 / 258757 elapsed 719
minilm ENCODED 102043 / 258757 elapsed 736
minilm ENCODED 104091 / 258757 elapsed 4340
minilm ENCODED 106139 / 258757 elapsed 4351
minilm ENCODED 108187 / 258757 elapsed 7037
minilm ENCODED 110235 / 258757 elapsed 7045
minilm ENCODED 112283 / 258757 elapsed 7052
minilm ENCODED 114331 / 258757 elapsed 7058
minilm ENCODED 116379 / 258757 elapsed 7063
minilm ENCODED 118427 / 258757 elapsed 7068
minilm ENCODED 120475 / 258757 elapsed 7074
minilm ENCODED 122523 / 258757 elapsed 7079
minilm ENCODED 124571 / 258757 elapsed 7085
minilm ENCODED 126619 / 258757 elapsed 7090
minilm ENCODED 128667 / 258757 elapsed 7096
minilm ENCODED 130715 / 258757 elapsed 7103
minilm ENCODED 132763 / 258757 elapsed 7113
minilm ENCODED 134811 / 258757 elapsed 7123
minilm ENCODED 136859 / 258757 elapsed 7132
minilm ENCODED 138907 / 258757 elapsed 7145
minilm ENCODED 140955 / 258757 elapsed 7158
minilm ENCODED 143003 / 258757 elapsed 7169
minilm ENCODED 145051 / 258757 elapsed 7178
minilm ENCODED 147099 / 258757 elapsed 7186
minilm ENCODED 149147 / 258757 elapsed 7196
minilm ENCODED 151195 / 258757 elapsed 7205
minilm ENCODED 153243 / 258757 elapsed 7216
minilm ENCODED 155291 / 258757 elapsed 7229
minilm ENCODED 157339 / 258757 elapsed 7243
minilm ENCODED 159387 / 258757 elapsed 7257
minilm ENCODED 161435 / 258757 elapsed 7271
minilm ENCODED 163483 / 258757 elapsed 7284
minilm ENCODED 165531 / 258757 elapsed 7297
minilm ENCODED 167579 / 258757 elapsed 7309
minilm ENCODED 169627 / 258757 elapsed 7323
minilm ENCODED 171675 / 258757 elapsed 7338
minilm ENCODED 173723 / 258757 elapsed 7354
minilm ENCODED 175771 / 258757 elapsed 7370
minilm ENCODED 177819 / 258757 elapsed 7385
minilm ENCODED 179867 / 258757 elapsed 7400
minilm ENCODED 181915 / 258757 elapsed 7416
minilm ENCODED 183963 / 258757 elapsed 7429
minilm ENCODED 186011 / 258757 elapsed 7446
minilm ENCODED 188059 / 258757 elapsed 7463
minilm ENCODED 190107 / 258757 elapsed 7479
minilm ENCODED 192155 / 258757 elapsed 7495
minilm ENCODED 194203 / 258757 elapsed 7508
minilm ENCODED 196251 / 258757 elapsed 7522
minilm ENCODED 198299 / 258757 elapsed 7536
minilm ENCODED 200347 / 258757 elapsed 7551
minilm ENCODED 202395 / 258757 elapsed 7564
minilm ENCODED 204443 / 258757 elapsed 7577
minilm ENCODED 206491 / 258757 elapsed 7593
minilm ENCODED 208539 / 258757 elapsed 7609
minilm ENCODED 210587 / 258757 elapsed 7627
minilm ENCODED 212635 / 258757 elapsed 7642
minilm ENCODED 214683 / 258757 elapsed 7657
minilm ENCODED 216731 / 258757 elapsed 7672
minilm ENCODED 218779 / 258757 elapsed 7688
minilm ENCODED 220827 / 258757 elapsed 7702
minilm ENCODED 222875 / 258757 elapsed 7719
minilm ENCODED 224923 / 258757 elapsed 7732
minilm ENCODED 226971 / 258757 elapsed 7746
minilm ENCODED 229019 / 258757 elapsed 7763
minilm ENCODED 231067 / 258757 elapsed 7779
minilm ENCODED 233115 / 258757 elapsed 7796
minilm ENCODED 235163 / 258757 elapsed 7814
minilm ENCODED 237211 / 258757 elapsed 7829
minilm ENCODED 239259 / 258757 elapsed 7844
minilm ENCODED 241307 / 258757 elapsed 7859
minilm ENCODED 243355 / 258757 elapsed 7873
minilm ENCODED 245403 / 258757 elapsed 7888
minilm ENCODED 247451 / 258757 elapsed 7904
minilm ENCODED 249499 / 258757 elapsed 7917
minilm ENCODED 251547 / 258757 elapsed 7931
minilm ENCODED 253595 / 258757 elapsed 7946
minilm ENCODED 255643 / 258757 elapsed 7963
minilm ENCODED 257691 / 258757 elapsed 7978
minilm ENCODED 258757 / 258757 elapsed 7987
minilm ENCODING COMPLETE; SCORE
minilm wands SCORED 228000
minilm esci SCORED 51181
minilm HARMONIZATION COMPLETE
