bge_base ENCODED 1748 / 267231 elapsed 4
bge_base ENCODED 3796 / 267231 elapsed 11
bge_base ENCODED 4380 / 267231 elapsed 12
bge_base ENCODED 6428 / 267231 elapsed 24
bge_base ENCODED 8476 / 267231 elapsed 36
bge_base ENCODED 9883 / 267231 elapsed 44
bge_base ENCODED 11931 / 267231 elapsed 67
bge_base ENCODED 13979 / 267231 elapsed 91
bge_base ENCODED 16027 / 267231 elapsed 115
bge_base ENCODED 18075 / 267231 elapsed 139
bge_base ENCODED 20123 / 267231 elapsed 163
bge_base ENCODED 22171 / 267231 elapsed 187
bge_base ENCODED 24219 / 267231 elapsed 212
bge_base ENCODED 26267 / 267231 elapsed 235
bge_base ENCODED 28007 / 267231 elapsed 256
bge_base ENCODED 30055 / 267231 elapsed 323
bge_base ENCODED 32103 / 267231 elapsed 389
bge_base ENCODED 34151 / 267231 elapsed 455
bge_base ENCODED 36199 / 267231 elapsed 520
bge_base ENCODED 38247 / 267231 elapsed 559
bge_base ENCODED 40295 / 267231 elapsed 581
bge_base ENCODED 42343 / 267231 elapsed 604
bge_base ENCODED 44391 / 267231 elapsed 626
bge_base ENCODED 46439 / 267231 elapsed 648
bge_base ENCODED 48487 / 267231 elapsed 670
bge_base ENCODED 50535 / 267231 elapsed 693
bge_base ENCODED 52583 / 267231 elapsed 715
bge_base ENCODED 54631 / 267231 elapsed 737
bge_base ENCODED 56679 / 267231 elapsed 759
bge_base ENCODED 58727 / 267231 elapsed 781
bge_base ENCODED 60775 / 267231 elapsed 803
bge_base ENCODED 62823 / 267231 elapsed 825
bge_base ENCODED 64871 / 267231 elapsed 847
bge_base ENCODED 66919 / 267231 elapsed 869
bge_base ENCODED 68967 / 267231 elapsed 891
bge_base ENCODED 71015 / 267231 elapsed 913
bge_base ENCODED 73063 / 267231 elapsed 935
bge_base ENCODED 75111 / 267231 elapsed 958
bge_base ENCODED 77159 / 267231 elapsed 980
bge_base ENCODED 79207 / 267231 elapsed 1002
bge_base ENCODED 81255 / 267231 elapsed 1024
bge_base ENCODED 83303 / 267231 elapsed 1046
bge_base ENCODED 85351 / 267231 elapsed 1069
bge_base ENCODED 87399 / 267231 elapsed 1091
bge_base ENCODED 89447 / 267231 elapsed 1114
bge_base ENCODED 91495 / 267231 elapsed 1136
bge_base ENCODED 93543 / 267231 elapsed 1158
bge_base ENCODED 95591 / 267231 elapsed 1180
bge_base ENCODED 97639 / 267231 elapsed 1202
bge_base ENCODED 99687 / 267231 elapsed 1225
bge_base ENCODED 101735 / 267231 elapsed 1247
bge_base ENCODED 103783 / 267231 elapsed 1269
bge_base ENCODED 105831 / 267231 elapsed 1291
bge_base ENCODED 107879 / 267231 elapsed 1313
bge_base ENCODED 109927 / 267231 elapsed 1335
bge_base ENCODED 111975 / 267231 elapsed 1357
bge_base ENCODED 114023 / 267231 elapsed 1379
bge_base ENCODED 116071 / 267231 elapsed 1401
bge_base ENCODED 118119 / 267231 elapsed 1423
bge_base ENCODED 120167 / 267231 elapsed 1445
bge_base ENCODED 122215 / 267231 elapsed 1467
bge_base ENCODED 124263 / 267231 elapsed 1489
bge_base ENCODED 126311 / 267231 elapsed 1511
bge_base ENCODED 128359 / 267231 elapsed 1533
bge_base ENCODED 130407 / 267231 elapsed 1555
bge_base ENCODED 132455 / 267231 elapsed 1577
bge_base ENCODED 134503 / 267231 elapsed 1599
bge_base ENCODED 136551 / 267231 elapsed 1621
bge_base ENCODED 138599 / 267231 elapsed 1643
bge_base ENCODED 140647 / 267231 elapsed 1666
bge_base ENCODED 142695 / 267231 elapsed 1688
bge_base ENCODED 144743 / 267231 elapsed 1710
bge_base ENCODED 146791 / 267231 elapsed 1732
bge_base ENCODED 148839 / 267231 elapsed 1755
bge_base ENCODED 150887 / 267231 elapsed 1778
bge_base ENCODED 152935 / 267231 elapsed 1800
bge_base ENCODED 154983 / 267231 elapsed 1823
bge_base ENCODED 157031 / 267231 elapsed 1845
bge_base ENCODED 159079 / 267231 elapsed 1867
bge_base ENCODED 161127 / 267231 elapsed 1890
bge_base ENCODED 163175 / 267231 elapsed 1913
bge_base ENCODED 165223 / 267231 elapsed 1935
bge_base ENCODED 167271 / 267231 elapsed 1957
bge_base ENCODED 169319 / 267231 elapsed 1980
bge_base ENCODED 171367 / 267231 elapsed 2002
bge_base ENCODED 173415 / 267231 elapsed 2025
bge_base ENCODED 175463 / 267231 elapsed 2047
bge_base ENCODED 177511 / 267231 elapsed 2069
bge_base ENCODED 179559 / 267231 elapsed 2092
bge_base ENCODED 181607 / 267231 elapsed 2115
bge_base ENCODED 183655 / 267231 elapsed 2137
bge_base ENCODED 185703 / 267231 elapsed 2160
bge_base ENCODED 187751 / 267231 elapsed 2182
bge_base ENCODED 189799 / 267231 elapsed 2205
bge_base ENCODED 191847 / 267231 elapsed 2227
bge_base ENCODED 193895 / 267231 elapsed 2249
bge_base ENCODED 195943 / 267231 elapsed 2272
bge_base ENCODED 197991 / 267231 elapsed 2294
bge_base ENCODED 200039 / 267231 elapsed 2317
bge_base ENCODED 202087 / 267231 elapsed 2339
bge_base ENCODED 204135 / 267231 elapsed 2361
bge_base ENCODED 206183 / 267231 elapsed 2384
bge_base ENCODED 208231 / 267231 elapsed 2406
bge_base ENCODED 210279 / 267231 elapsed 2429
bge_base ENCODED 212327 / 267231 elapsed 2451
bge_base ENCODED 214375 / 267231 elapsed 2473
bge_base ENCODED 216423 / 267231 elapsed 2496
bge_base ENCODED 218471 / 267231 elapsed 2518
bge_base ENCODED 220519 / 267231 elapsed 2540
bge_base ENCODED 222567 / 267231 elapsed 2563
bge_base ENCODED 224615 / 267231 elapsed 2586
bge_base ENCODED 226663 / 267231 elapsed 2608
bge_base ENCODED 228711 / 267231 elapsed 2631
bge_base ENCODED 230759 / 267231 elapsed 2653
bge_base ENCODED 232807 / 267231 elapsed 2676
bge_base ENCODED 234855 / 267231 elapsed 2698
bge_base ENCODED 236903 / 267231 elapsed 2721
bge_base ENCODED 238951 / 267231 elapsed 2741
bge_base ENCODED 240999 / 267231 elapsed 2762
bge_base ENCODED 243047 / 267231 elapsed 2782
bge_base ENCODED 245095 / 267231 elapsed 2802
bge_base ENCODED 247143 / 267231 elapsed 2822
bge_base ENCODED 249191 / 267231 elapsed 2842
bge_base ENCODED 251239 / 267231 elapsed 2862
bge_base ENCODED 253287 / 267231 elapsed 2883
bge_base ENCODED 255335 / 267231 elapsed 2903
bge_base ENCODED 257383 / 267231 elapsed 2924
bge_base ENCODED 259431 / 267231 elapsed 2944
bge_base ENCODED 261479 / 267231 elapsed 2965
bge_base ENCODED 263527 / 267231 elapsed 2985
bge_base ENCODED 265575 / 267231 elapsed 3005
bge_base ENCODED 267231 / 267231 elapsed 3024
bge_base ENCODING COMPLETE; SCORE
bge_base wands SCORED 228000
bge_base esci SCORED 51181
bge_base HARMONIZATION COMPLETE
