dataset    model            support            family  K                                                          profile metric  estimate   ci_low  ci_high  queries  pairs   weighting  bootstrap_seed  bootstrap_resamples                                       interval
  wands   minilm               full                 7 20 855096a198cfffae5286ea8c1b48b4a2e68a32741168e43c7abdf2c084f6a3ed     VI  0.208339 0.168332 0.252846      128   7125 query_macro      2026091701                10000 95% unadjusted paired query-cluster percentile
  wands   minilm               full                16 20 855096a198cfffae5286ea8c1b48b4a2e68a32741168e43c7abdf2c084f6a3ed     VI  0.244901 0.203777 0.289577      128   7125 query_macro      2026091701                10000 95% unadjusted paired query-cluster percentile
  wands   minilm               full                32 20 855096a198cfffae5286ea8c1b48b4a2e68a32741168e43c7abdf2c084f6a3ed     VI  0.280155 0.235764 0.328120      128   7125 query_macro      2026091701                10000 95% unadjusted paired query-cluster percentile
  wands   minilm common_all_fitting                 7 20 855096a198cfffae5286ea8c1b48b4a2e68a32741168e43c7abdf2c084f6a3ed     VI  0.113649 0.058468 0.176309       48    354 query_macro      2026091701                10000 95% unadjusted paired query-cluster percentile
  wands   minilm common_all_fitting                16 20 855096a198cfffae5286ea8c1b48b4a2e68a32741168e43c7abdf2c084f6a3ed     VI  0.153486 0.088086 0.225973       48    354 query_macro      2026091701                10000 95% unadjusted paired query-cluster percentile
  wands   minilm common_all_fitting                32 20 855096a198cfffae5286ea8c1b48b4a2e68a32741168e43c7abdf2c084f6a3ed     VI  0.166132 0.098994 0.239052       48    354 query_macro      2026091701                10000 95% unadjusted paired query-cluster percentile
   esci   minilm               full                 7 20 855096a198cfffae5286ea8c1b48b4a2e68a32741168e43c7abdf2c084f6a3ed     VI  0.029092 0.021428 0.038054      499   4434 query_macro      2026091701                10000 95% unadjusted paired query-cluster percentile
   esci   minilm               full exhaustive_target 20 855096a198cfffae5286ea8c1b48b4a2e68a32741168e43c7abdf2c084f6a3ed     VI  0.032453 0.024606 0.041384      499   4434 query_macro      2026091701                10000 95% unadjusted paired query-cluster percentile
   esci   minilm common_all_fitting                 7 20 855096a198cfffae5286ea8c1b48b4a2e68a32741168e43c7abdf2c084f6a3ed     VI  0.032047 0.022540 0.042546      460   2578 query_macro      2026091701                10000 95% unadjusted paired query-cluster percentile
   esci   minilm common_all_fitting exhaustive_target 20 855096a198cfffae5286ea8c1b48b4a2e68a32741168e43c7abdf2c084f6a3ed     VI  0.034916 0.025370 0.045637      460   2578 query_macro      2026091701                10000 95% unadjusted paired query-cluster percentile
  wands bge_base               full                 7 20 bf60963c170ae3b0459e7e2e9f1734d0d8a6ab6eae5cceeb374a2799592ed00a     VI  0.114188 0.089768 0.142705      128   7125 query_macro      2026091701                10000 95% unadjusted paired query-cluster percentile
  wands bge_base               full                16 20 bf60963c170ae3b0459e7e2e9f1734d0d8a6ab6eae5cceeb374a2799592ed00a     VI  0.149952 0.120414 0.183027      128   7125 query_macro      2026091701                10000 95% unadjusted paired query-cluster percentile
  wands bge_base               full                32 20 bf60963c170ae3b0459e7e2e9f1734d0d8a6ab6eae5cceeb374a2799592ed00a     VI  0.175086 0.143917 0.208983      128   7125 query_macro      2026091701                10000 95% unadjusted paired query-cluster percentile
  wands bge_base common_all_fitting                 7 20 bf60963c170ae3b0459e7e2e9f1734d0d8a6ab6eae5cceeb374a2799592ed00a     VI  0.087567 0.060053 0.119705       92   2186 query_macro      2026091701                10000 95% unadjusted paired query-cluster percentile
  wands bge_base common_all_fitting                16 20 bf60963c170ae3b0459e7e2e9f1734d0d8a6ab6eae5cceeb374a2799592ed00a     VI  0.130677 0.091630 0.174850       92   2186 query_macro      2026091701                10000 95% unadjusted paired query-cluster percentile
  wands bge_base common_all_fitting                32 20 bf60963c170ae3b0459e7e2e9f1734d0d8a6ab6eae5cceeb374a2799592ed00a     VI  0.175629 0.130934 0.226105       92   2186 query_macro      2026091701                10000 95% unadjusted paired query-cluster percentile
   esci bge_base               full                 7 20 bf60963c170ae3b0459e7e2e9f1734d0d8a6ab6eae5cceeb374a2799592ed00a     VI  0.024179 0.017596 0.031670      499   4434 query_macro      2026091701                10000 95% unadjusted paired query-cluster percentile
   esci bge_base               full exhaustive_target 20 bf60963c170ae3b0459e7e2e9f1734d0d8a6ab6eae5cceeb374a2799592ed00a     VI  0.031491 0.023457 0.040487      499   4434 query_macro      2026091701                10000 95% unadjusted paired query-cluster percentile
   esci bge_base common_all_fitting                 7 20 bf60963c170ae3b0459e7e2e9f1734d0d8a6ab6eae5cceeb374a2799592ed00a     VI  0.025469 0.018678 0.033074      488   3587 query_macro      2026091701                10000 95% unadjusted paired query-cluster percentile
   esci bge_base common_all_fitting exhaustive_target 20 bf60963c170ae3b0459e7e2e9f1734d0d8a6ab6eae5cceeb374a2799592ed00a     VI  0.033511 0.025196 0.042882      488   3587 query_macro      2026091701                10000 95% unadjusted paired query-cluster percentile
